******************************************************************************
            TI ARM Clang Linker PC v3.2.2                      
******************************************************************************
>> Linked Thu Aug  1 11:17:13 2024

OUTPUT FILE NAME:   <empty_LP_MSPM0G3507_nortos_ticlang.out>
ENTRY POINT SYMBOL: "_c_int00_noargs"  address: 00003ded


MEMORY CONFIGURATION

         name            origin    length      used     unused   attr    fill
----------------------  --------  ---------  --------  --------  ----  --------
  FLASH                 00000000   00020000  00007380  00018c80  R  X
  SRAM                  20200000   00008000  00006c96  0000136a  RW X
  BCR_CONFIG            41c00000   00000080  00000000  00000080  R   
  BSL_CONFIG            41c00100   00000080  00000000  00000080  R   


SEGMENT ALLOCATION MAP

run origin  load origin   length   init length attrs members
----------  ----------- ---------- ----------- ----- -------
00000000    00000000    00007380   00007380    r-x
  00000000    00000000    000000c0   000000c0    r-- .intvecs
  000000c0    000000c0    000042a0   000042a0    r-x .text
  00004360    00004360    00002fb8   00002fb8    r-- .rodata
  00007318    00007318    00000068   00000068    r-- .cinit
20200000    20200000    00006a98   00000000    rw-
  20200000    20200000    00006862   00000000    rw- .bss
  20206864    20206864    00000234   00000000    rw- .data
20207e00    20207e00    00000200   00000000    rw-
  20207e00    20207e00    00000200   00000000    rw- .stack


SECTION ALLOCATION MAP

 output                                  attributes/
section   page    origin      length       input sections
--------  ----  ----------  ----------   ----------------
.intvecs   0    00000000    000000c0     
                  00000000    000000c0     startup_mspm0g350x_ticlang.o (.intvecs)

.text      0    000000c0    000042a0     
                  000000c0    000008fc     arm_cortexM0l_math.a : arm_cfft_radix8_f32.o (.text.arm_radix8_butterfly_f32)
                  000009bc    00000774                          : arm_cfft_f32.o (.text.arm_cfft_radix8by4_f32)
                  00001130    00000730     empty.o (.text.main)
                  00001860    000002f8     libc.a : s_atan.c.obj (.text.atan)
                  00001b58    000002b0     arm_cortexM0l_math.a : arm_cfft_f32.o (.text.arm_cfft_radix8by2_f32)
                  00001e08    00000284     libc.a : _printfi.c.obj (.text:__TI_printfi_minimal)
                  0000208c    000001c8     arm_cortexM0l_math.a : arm_cfft_f32.o (.text.arm_cfft_f32)
                  00002254    000001a0                          : arm_cmplx_mag_f32.o (.text.arm_cmplx_mag_f32)
                  000023f4    00000198     libc.a : e_atan2.c.obj (.text.atan2)
                  0000258c    00000192     libclang_rt.builtins.a : adddf3.S.obj (.text.adddf3_subdf3)
                  0000271e    00000002                            : aeabi_div0.c.obj (.text.__aeabi_idiv0)
                  00002720    0000016c     FFT.o (.text.FFT_Count)
                  0000288c    00000134     arm_cortexM0l_math.a : arm_bitreversal2.o (.text.arm_bitreversal_32)
                  000029c0    0000010c     libclang_rt.builtins.a : divdf3.S.obj (.text.__divdf3)
                  00002acc    000000e8     driverlib.a : dl_timer.o (.text.DL_Timer_initTimerMode)
                  00002bb4    000000e4     libclang_rt.builtins.a : muldf3.S.obj (.text.__muldf3)
                  00002c98    000000dc     driverlib.a : dl_sysctl_mspm0g1x0x_g3x0x.o (.text.DL_SYSCTL_configSYSPLL)
                  00002d74    000000d8     libclang_rt.builtins.a : addsf3.S.obj (.text)
                  00002e4c    000000c4     empty.o (.text.ADC0_IRQHandler)
                  00002f10    000000a8     libc.a : e_sqrtf.c.obj (.text.sqrtf)
                  00002fb8    000000a4     ti_msp_dl_config.o (.text.SYSCFG_DL_ADC12_1_init)
                  0000305c    00000098     ti_msp_dl_config.o (.text.SYSCFG_DL_ADC12_0_init)
                  000030f4    0000008c     libclang_rt.builtins.a : mulsf3.S.obj (.text.__mulsf3)
                  00003180    00000084     ti_msp_dl_config.o (.text.__NVIC_SetPriority)
                  00003204    00000082     libclang_rt.builtins.a : divsf3.S.obj (.text.__divsf3)
                  00003286    00000002     libc.a : _lock.c.obj (.text._nop)
                  00003288    00000078     ti_msp_dl_config.o (.text.SYSCFG_DL_initPower)
                  00003300    00000078     empty.o (.text.kalmanFilter)
                  00003378    00000078     libc.a : copy_decompress_lzss.c.obj (.text:decompress:lzss)
                  000033f0    00000074     libclang_rt.builtins.a : truncdfsf2.S.obj (.text.__truncdfsf2)
                  00003464    00000070                            : comparedf2.c.obj (.text.__gedf2)
                  000034d4    0000006c                            : comparedf2.c.obj (.text.__ledf2)
                  00003540    00000062                            : aeabi_dcmp.S.obj (.text.__aeabi_dcmp)
                  000035a2    00000002     --HOLE-- [fill = 0]
                  000035a4    00000062                            : aeabi_fcmp.S.obj (.text.__aeabi_fcmp)
                  00003606    00000002     --HOLE-- [fill = 0]
                  00003608    0000005c     libc.a : printf.c.obj (.text.printf)
                  00003664    00000058     ti_msp_dl_config.o (.text.SYSCFG_DL_TIMER_0_init)
                  000036bc    00000050     UART.o (.text.fputs)
                  0000370c    0000004c     ti_msp_dl_config.o (.text.DL_ADC12_initSingleSample)
                  00003758    0000004c     driverlib.a : dl_dma.o (.text.DL_DMA_initChannel)
                  000037a4    0000004c     ti_msp_dl_config.o (.text.DL_UART_setBaudRateDivisor)
                  000037f0    0000004a     ti_msp_dl_config.o (.text.DL_ADC12_configConversionMem)
                  0000383a    00000002     --HOLE-- [fill = 0]
                  0000383c    0000004a     libclang_rt.builtins.a : fixdfsi.S.obj (.text.__fixdfsi)
                  00003886    00000002     --HOLE-- [fill = 0]
                  00003888    00000048     driverlib.a : dl_uart.o (.text.DL_UART_init)
                  000038d0    00000048     ti_msp_dl_config.o (.text.SYSCFG_DL_UART_0_init)
                  00003918    00000044     driverlib.a : dl_sysctl_mspm0g1x0x_g3x0x.o (.text.DL_SYSCTL_switchMCLKfromSYSOSCtoHSCLK)
                  0000395c    00000040                 : dl_adc12.o (.text.DL_ADC12_setClockConfig)
                  0000399c    00000040     libclang_rt.builtins.a : aeabi_uidivmod.S.obj (.text.__aeabi_uidivmod)
                  000039dc    00000040                            : extendsfdf2.S.obj (.text.__extendsfdf2)
                  00003a1c    0000003c     ti_msp_dl_config.o (.text.SYSCFG_DL_SYSCTL_init)
                  00003a58    0000003c     libclang_rt.builtins.a : floatsisf.S.obj (.text.__floatsisf)
                  00003a94    0000003c                            : comparesf2.S.obj (.text.__gtsf2)
                  00003ad0    0000003c     libc.a : autoinit.c.obj (.text:__TI_auto_init_nobinit_nopinit)
                  00003b0c    0000003a     libclang_rt.builtins.a : comparesf2.S.obj (.text.__eqsf2)
                  00003b46    00000002     --HOLE-- [fill = 0]
                  00003b48    0000003a                            : muldsi3.S.obj (.text.__muldsi3)
                  00003b82    00000002     --HOLE-- [fill = 0]
                  00003b84    00000038     ti_msp_dl_config.o (.text.DL_Timer_setPublisherChanID)
                  00003bbc    00000038     libclang_rt.builtins.a : fixsfsi.S.obj (.text.__fixsfsi)
                  00003bf4    00000030     ti_msp_dl_config.o (.text.DL_DMA_setTransferSize)
                  00003c24    0000002c     ti_msp_dl_config.o (.text.DL_ADC12_setDMASamplesCnt)
                  00003c50    0000002c     ti_msp_dl_config.o (.text.SYSCFG_DL_DMA_CH0_init)
                  00003c7c    0000002c     empty.o (.text.__NVIC_EnableIRQ)
                  00003ca8    0000002c     libclang_rt.builtins.a : floatsidf.S.obj (.text.__floatsidf)
                  00003cd4    00000028     ti_msp_dl_config.o (.text.DL_Common_updateReg)
                  00003cfc    00000028     empty.o (.text.DL_DMA_setDestAddr)
                  00003d24    00000028     empty.o (.text.DL_DMA_setSrcAddr)
                  00003d4c    00000028     ti_msp_dl_config.o (.text.DL_Timer_enableEvent)
                  00003d74    00000028     ti_msp_dl_config.o (.text.SYSCFG_DL_DMA_CH1_init)
                  00003d9c    00000028     empty.o (.text.UART0_IRQHandler)
                  00003dc4    00000028     libclang_rt.builtins.a : floatunsisf.S.obj (.text.__floatunsisf)
                  00003dec    00000028     libc.a : boot_cortex_m.c.obj (.text:_c_int00_noargs)
                  00003e14    00000026     empty.o (.text.DL_DMA_enableChannel)
                  00003e3a    00000024     ti_msp_dl_config.o (.text.SYSCFG_DL_init)
                  00003e5e    00000022     libc.a : memccpy.c.obj (.text.memccpy)
                  00003e80    00000020     ti_msp_dl_config.o (.text.DL_GPIO_initPeripheralInputFunction)
                  00003ea0    00000020     ti_msp_dl_config.o (.text.DL_SYSCTL_setFlashWaitState)
                  00003ec0    00000020     driverlib.a : dl_uart.o (.text.DL_UART_transmitDataBlocking)
                  00003ee0    0000001e     ti_msp_dl_config.o (.text.DL_ADC12_setPowerDownMode)
                  00003efe    0000001e     ti_msp_dl_config.o (.text.DL_UART_setOversampling)
                  00003f1c    0000001c     ti_msp_dl_config.o (.text.DL_ADC12_clearInterruptStatus)
                  00003f38    0000001c     ti_msp_dl_config.o (.text.DL_ADC12_enableDMA)
                  00003f54    0000001c     ti_msp_dl_config.o (.text.DL_ADC12_enableDMATrigger)
                  00003f70    0000001c     ti_msp_dl_config.o (.text.DL_ADC12_enableFIFO)
                  00003f8c    0000001c     ti_msp_dl_config.o (.text.DL_ADC12_enableInterrupt)
                  00003fa8    0000001c     ti_msp_dl_config.o (.text.DL_GPIO_initPeripheralOutputFunction)
                  00003fc4    0000001c     ti_msp_dl_config.o (.text.DL_SYSCTL_setSYSOSCFreq)
                  00003fe0    0000001c     ti_msp_dl_config.o (.text.DL_SYSCTL_setULPCLKDivider)
                  00003ffc    0000001c     driverlib.a : dl_timer.o (.text.DL_Timer_setClockConfig)
                  00004018    0000001c     ti_msp_dl_config.o (.text.DL_UART_enableInterrupt)
                  00004034    0000001c     UART.o (.text.fputc)
                  00004050    0000001a     ti_msp_dl_config.o (.text.DL_ADC12_setSubscriberChanID)
                  0000406a    0000001a     ti_msp_dl_config.o (.text.SYSCFG_DL_GPIO_init)
                  00004084    00000018     ti_msp_dl_config.o (.text.DL_ADC12_enablePower)
                  0000409c    00000018     ti_msp_dl_config.o (.text.DL_ADC12_reset)
                  000040b4    00000018     ti_msp_dl_config.o (.text.DL_ADC12_setSampleTime0)
                  000040cc    00000018     ti_msp_dl_config.o (.text.DL_GPIO_enablePower)
                  000040e4    00000018     ti_msp_dl_config.o (.text.DL_GPIO_reset)
                  000040fc    00000018     ti_msp_dl_config.o (.text.DL_SYSCTL_setBORThreshold)
                  00004114    00000018     ti_msp_dl_config.o (.text.DL_Timer_enablePower)
                  0000412c    00000018     ti_msp_dl_config.o (.text.DL_Timer_reset)
                  00004144    00000018     empty.o (.text.DL_Timer_startCounter)
                  0000415c    00000018     empty.o (.text.DL_Timer_stopCounter)
                  00004174    00000018     ti_msp_dl_config.o (.text.DL_UART_enablePower)
                  0000418c    00000018     ti_msp_dl_config.o (.text.DL_UART_reset)
                  000041a4    00000016     ti_msp_dl_config.o (.text.DL_ADC12_enableConversions)
                  000041ba    00000016     ti_msp_dl_config.o (.text.DL_UART_enable)
                  000041d0    00000014     empty.o (.text.DL_ADC12_getFIFOAddress)
                  000041e4    00000014     ti_msp_dl_config.o (.text.DL_SYSCTL_disableSYSPLL)
                  000041f8    00000014     ti_msp_dl_config.o (.text.DL_Timer_enableClock)
                  0000420c    00000014     empty.o (.text.DL_UART_receiveData)
                  00004220    00000012     empty.o (.text.DL_ADC12_getPendingInterrupt)
                  00004232    00000012     empty.o (.text.DL_UART_getPendingInterrupt)
                  00004244    00000012     driverlib.a : dl_uart.o (.text.DL_UART_setClockConfig)
                  00004256    00000012     libc.a : memcpy16.S.obj (.text:TI_memcpy_small)
                  00004268    00000012            : copy_decompress_none.c.obj (.text:decompress:none)
                  0000427a    00000002     --HOLE-- [fill = 0]
                  0000427c    00000010     ti_msp_dl_config.o (.text.DL_SYSCTL_disableHFXT)
                  0000428c    00000010     libc.a : copy_zero_init.c.obj (.text:decompress:ZI)
                  0000429c    0000000e     libclang_rt.builtins.a : aeabi_memset.S.obj (.text.__aeabi_memset)
                  000042aa    0000000e     libc.a : _printfi.c.obj (.text.strlen)
                  000042b8    0000000e            : strlen.c.obj (.text.strlen)
                  000042c6    0000000e            : memset16.S.obj (.text:TI_memset_small)
                  000042d4    0000000c     ti_msp_dl_config.o (.text.SYSCFG_DL_DMA_init)
                  000042e0    0000000c     libclang_rt.builtins.a : aeabi_memset.S.obj (.text.__aeabi_memclr)
                  000042ec    0000000a     driverlib.a : dl_common.o (.text.DL_Common_delayCycles)
                  000042f6    0000000a     libc.a : s_atan.c.obj (.text.OUTLINED_FUNCTION_0)
                  00004300    00000010     libclang_rt.builtins.a : muldf3.S.obj (.tramp.__aeabi_dmul.1)
                  00004310    00000008     libc.a : s_atan.c.obj (.text.OUTLINED_FUNCTION_2)
                  00004318    00000008            : aeabi_portable.c.obj (.text.__aeabi_errno_addr)
                  00004320    00000008     libclang_rt.builtins.a : aeabi_memcpy.S.obj (.text.__aeabi_memcpy)
                  00004328    00000008     libc.a : printf.c.obj (.text._outc)
                  00004330    00000008            : printf.c.obj (.text._outs)
                  00004338    00000006            : s_atan.c.obj (.text.OUTLINED_FUNCTION_1)
                  0000433e    00000002     --HOLE-- [fill = 0]
                  00004340    00000010     libclang_rt.builtins.a : adddf3.S.obj (.tramp.__aeabi_dadd.1)
                  00004350    00000004     startup_mspm0g350x_ticlang.o (.text.Default_Handler)
                  00004354    00000004     startup_mspm0g350x_ticlang.o (.text.Reset_Handler)
                  00004358    00000004     libc.a : pre_init.c.obj (.text._system_pre_init)
                  0000435c    00000004            : exit.c.obj (.text:abort)

.cinit     0    00007318    00000068     
                  00007318    0000003e     (.cinit..data.load) [load image, compression = lzss]
                  00007356    00000002     --HOLE-- [fill = 0]
                  00007358    0000000c     (__TI_handler_table)
                  00007364    00000008     (.cinit..bss.load) [load image, compression = zero_init]
                  0000736c    00000010     (__TI_cinit_table)
                  0000737c    00000004     --HOLE-- [fill = 0]

.rodata    0    00004360    00002fb8     
                  00004360    00002000     arm_cortexM0l_math.a : arm_common_tables.o (.rodata.twiddleCoef_1024)
                  00006360    00000e10                          : arm_common_tables.o (.rodata.armBitRevIndexTable1024)
                  00007170    00000040     libc.a : s_atan.c.obj (.rodata.cst32)
                  000071b0    00000028     ti_msp_dl_config.o (.rodata.gSYSPLLConfig)
                  000071d8    00000018     ti_msp_dl_config.o (.rodata.gDMA_CH0Config)
                  000071f0    00000018     ti_msp_dl_config.o (.rodata.gDMA_CH1Config)
                  00007208    00000014     ti_msp_dl_config.o (.rodata.gTIMER_0TimerConfig)
                  0000721c    00000011     libc.a : _printfi.c.obj (.rodata.str1.44690500295887128011)
                  0000722d    00000003     ti_msp_dl_config.o (.rodata.gTIMER_0ClockConfig)
                  00007230    00000010     arm_cortexM0l_math.a : arm_const_structs.o (.rodata.arm_cfft_sR_f32_len1024)
                  00007240    0000000e     empty.o (.rodata.str1.122744192048143189441)
                  0000724e    0000000e     empty.o (.rodata.str1.23730775619209645351)
                  0000725c    0000000e     empty.o (.rodata.str1.77532711950248832531)
                  0000726a    0000000e     empty.o (.rodata.str1.97395763982011991711)
                  00007278    0000000d     empty.o (.rodata.str1.130542305227401186901)
                  00007285    0000000d     empty.o (.rodata.str1.134592517678206718851)
                  00007292    0000000d     empty.o (.rodata.str1.155434919592598141311)
                  0000729f    0000000d     empty.o (.rodata.str1.161173632875555205051)
                  000072ac    0000000d     empty.o (.rodata.str1.162906114796922795351)
                  000072b9    0000000d     empty.o (.rodata.str1.31620259236998402651)
                  000072c6    0000000d     empty.o (.rodata.str1.62536263040008563141)
                  000072d3    0000000d     empty.o (.rodata.str1.7130503275715014631)
                  000072e0    0000000d     empty.o (.rodata.str1.71922421787461555071)
                  000072ed    0000000d     empty.o (.rodata.str1.92454112862644078121)
                  000072fa    0000000a     ti_msp_dl_config.o (.rodata.gUART_0Config)
                  00007304    00000008     ti_msp_dl_config.o (.rodata.gADC12_0ClockConfig)
                  0000730c    00000008     ti_msp_dl_config.o (.rodata.gADC12_1ClockConfig)
                  00007314    00000002     ti_msp_dl_config.o (.rodata.gUART_0ClockConfig)
                  00007316    00000001     empty.o (.rodata.str1.88120250872281083781)
                  00007317    00000001     --HOLE-- [fill = 0]

.init_array 
*          0    00000000    00000000     UNINITIALIZED

.binit     0    00000000    00000000     

.bss       0    20200000    00006862     UNINITIALIZED
                  20200000    00002000     (.common:FFT_Input)
                  20202000    00001000     (.common:Current_Set)
                  20203000    00001000     (.common:Voltage_Set)
                  20204000    00000800     (.common:Current)
                  20204800    00000800     (.common:Current_DMA)
                  20205000    00000800     (.common:FFT_Current)
                  20205800    00000800     (.common:Voltage)
                  20206000    00000800     (.common:Voltage_DMA)
                  20206800    00000028     (.common:Current_Wave)
                  20206828    00000008     (.common:Current_per)
                  20206830    00000004     (.common:Current_Avr)
                  20206834    00000004     (.common:Current_Middle)
                  20206838    00000004     (.common:Current_PerCount)
                  2020683c    00000004     (.common:Current_Val)
                  20206840    00000004     (.common:Current_Wave_Inf)
                  20206844    00000004     (.common:Current_Wave_Inf_Middle)
                  20206848    00000004     (.common:Power)
                  2020684c    00000004     (.common:Power_Eff)
                  20206850    00000004     (.common:Power_Per)
                  20206854    00000004     (.common:Voltage_Avr)
                  20206858    00000004     (.common:Voltage_Middle)
                  2020685c    00000004     (.common:Voltage_Val)
                  20206860    00000001     (.common:ADC_Flag)
                  20206861    00000001     (.common:Mode_Set)

.data      0    20206864    00000234     UNINITIALIZED
                  20206864    000000f0     libc.a : defs.c.obj (.data._ftable)
                  20206954    00000018     empty.o (.data.KFP_Current_Wave)
                  2020696c    00000018     empty.o (.data.KFP_FFT_Wave)
                  20206984    00000018     empty.o (.data.KFP_Power)
                  2020699c    00000018     empty.o (.data.KFP_PowerPer)
                  202069b4    00000018     empty.o (.data.Wave_10)
                  202069cc    00000018     empty.o (.data.Wave_2)
                  202069e4    00000018     empty.o (.data.Wave_3)
                  202069fc    00000018     empty.o (.data.Wave_4)
                  20206a14    00000018     empty.o (.data.Wave_5)
                  20206a2c    00000018     empty.o (.data.Wave_6)
                  20206a44    00000018     empty.o (.data.Wave_7)
                  20206a5c    00000018     empty.o (.data.Wave_8)
                  20206a74    00000018     empty.o (.data.Wave_9)
                  20206a8c    00000004     libc.a : aeabi_portable.c.obj (.data.__aeabi_errno)
                  20206a90    00000004            : _lock.c.obj (.data._lock)
                  20206a94    00000004            : _lock.c.obj (.data._unlock)

.stack     0    20207e00    00000200     UNINITIALIZED
                  20207e00    00000004     libc.a : boot_cortex_m.c.obj (.stack)
                  20207e04    000001fc     --HOLE--

__llvm_prf_cnts 
*          0    20200000    00000000     UNINITIALIZED

__llvm_prf_bits 
*          0    20200000    00000000     UNINITIALIZED

MODULE SUMMARY

       Module                         code    ro data   rw data
       ------                         ----    -------   -------
    .\
       empty.o                        2482    187       18842  
       ti_msp_dl_config.o             2142    139       0      
       startup_mspm0g350x_ticlang.o   8       192       0      
    +--+------------------------------+-------+---------+---------+
       Total:                         4632    518       18842  
                                                               
    .\USER\
       FFT.o                          364     0         8192   
       UART.o                         108     0         0      
    +--+------------------------------+-------+---------+---------+
       Total:                         472     0         8192   
                                                               
    C:/ti/mspm0_sdk_2_01_00_03/source/third_party/CMSIS/DSP/lib/ticlang/m0p/arm_cortexM0l_math.a
       arm_common_tables.o            0       11792     0      
       arm_cfft_f32.o                 3052    0         0      
       arm_cfft_radix8_f32.o          2300    0         0      
       arm_cmplx_mag_f32.o            416     0         0      
       arm_bitreversal2.o             308     0         0      
       arm_const_structs.o            0       16        0      
    +--+------------------------------+-------+---------+---------+
       Total:                         6076    11808     0      
                                                               
    C:/ti/mspm0_sdk_2_01_00_03/source/ti/driverlib/lib/ticlang/m0p/mspm0g1x0x_g3x0x/driverlib.a
       dl_sysctl_mspm0g1x0x_g3x0x.o   288     0         0      
       dl_timer.o                     260     0         0      
       dl_uart.o                      122     0         0      
       dl_dma.o                       76      0         0      
       dl_adc12.o                     64      0         0      
       dl_common.o                    10      0         0      
    +--+------------------------------+-------+---------+---------+
       Total:                         820     0         0      
                                                               
    C:\ti\ccstheia141\ccs\tools\compiler\ti-cgt-armllvm_3.2.2.LTS\lib\armv6m-ti-none-eabi/c/libc.a
       s_atan.c.obj                   784     64        0      
       _printfi.c.obj                 658     17        0      
       e_atan2.c.obj                  408     0         0      
       defs.c.obj                     0       0         240    
       e_sqrtf.c.obj                  168     0         0      
       copy_decompress_lzss.c.obj     120     0         0      
       printf.c.obj                   108     0         0      
       autoinit.c.obj                 60      0         0      
       boot_cortex_m.c.obj            40      0         0      
       memccpy.c.obj                  34      0         0      
       copy_decompress_none.c.obj     18      0         0      
       memcpy16.S.obj                 18      0         0      
       copy_zero_init.c.obj           16      0         0      
       memset16.S.obj                 14      0         0      
       strlen.c.obj                   14      0         0      
       aeabi_portable.c.obj           8       0         4      
       _lock.c.obj                    2       0         8      
       exit.c.obj                     4       0         0      
       pre_init.c.obj                 4       0         0      
    +--+------------------------------+-------+---------+---------+
       Total:                         2478    81        252    
                                                               
    C:\ti\ccstheia141\ccs\tools\compiler\ti-cgt-armllvm_3.2.2.LTS\lib\clang/15.0.7/lib/armv6m-ti-none-eabi/libclang_rt.builtins.a
       adddf3.S.obj                   418     0         0      
       divdf3.S.obj                   268     0         0      
       muldf3.S.obj                   244     0         0      
       comparedf2.c.obj               220     0         0      
       addsf3.S.obj                   216     0         0      
       mulsf3.S.obj                   140     0         0      
       divsf3.S.obj                   130     0         0      
       comparesf2.S.obj               118     0         0      
       truncdfsf2.S.obj               116     0         0      
       aeabi_dcmp.S.obj               98      0         0      
       aeabi_fcmp.S.obj               98      0         0      
       fixdfsi.S.obj                  74      0         0      
       aeabi_uidivmod.S.obj           64      0         0      
       extendsfdf2.S.obj              64      0         0      
       floatsisf.S.obj                60      0         0      
       muldsi3.S.obj                  58      0         0      
       fixsfsi.S.obj                  56      0         0      
       floatsidf.S.obj                44      0         0      
       floatunsisf.S.obj              40      0         0      
       aeabi_memset.S.obj             26      0         0      
       aeabi_memcpy.S.obj             8       0         0      
       aeabi_div0.c.obj               2       0         0      
    +--+------------------------------+-------+---------+---------+
       Total:                         2562    0         0      
                                                               
       Stack:                         0       0         512    
       Linker Generated:              0       98        0      
    +--+------------------------------+-------+---------+---------+
       Grand Total:                   17040   12505     27798  


LINKER GENERATED COPY TABLES

__TI_cinit_table @ 0000736c records: 2, size/record: 8, table size: 16
	.data: load addr=00007318, load size=0000003e bytes, run addr=20206864, run size=00000234 bytes, compression=lzss
	.bss: load addr=00007364, load size=00000008 bytes, run addr=20200000, run size=00006862 bytes, compression=zero_init


LINKER GENERATED HANDLER TABLE

__TI_handler_table @ 00007358 records: 3, size/record: 4, table size: 12
	index: 0, handler: __TI_decompress_lzss
	index: 1, handler: __TI_decompress_none
	index: 2, handler: __TI_zero_init


FAR CALL TRAMPOLINES

callee name               trampoline name
   callee addr  tramp addr   call addr  call info
--------------  -----------  ---------  ----------------
__aeabi_dmul              $Tramp$TT$L$PI$$__aeabi_dmul
   00002bb5     00004300     000042fe   libc.a : s_atan.c.obj (.text.OUTLINED_FUNCTION_0)
                             00004316          : s_atan.c.obj (.text.OUTLINED_FUNCTION_2)
__aeabi_dadd              $Tramp$TT$L$PI$$__aeabi_dadd
   00002597     00004340     0000433c   libc.a : s_atan.c.obj (.text.OUTLINED_FUNCTION_1)

[2 trampolines]
[3 trampoline calls]


GLOBAL SYMBOLS: SORTED ALPHABETICALLY BY Name 

address   name                                 
-------   ----                                 
00002e4d  ADC0_IRQHandler                      
00004351  ADC1_IRQHandler                      
20206860  ADC_Flag                             
00004351  AES_IRQHandler                       
0000435c  C$$EXIT                              
00004351  CANFD0_IRQHandler                    
20204000  Current                              
20206830  Current_Avr                          
20204800  Current_DMA                          
20206834  Current_Middle                       
20206838  Current_PerCount                     
20202000  Current_Set                          
2020683c  Current_Val                          
20206800  Current_Wave                         
20206840  Current_Wave_Inf                     
20206844  Current_Wave_Inf_Middle              
20206828  Current_per                          
00004351  DAC0_IRQHandler                      
0000395d  DL_ADC12_setClockConfig              
000042ed  DL_Common_delayCycles                
00003759  DL_DMA_initChannel                   
00002c99  DL_SYSCTL_configSYSPLL               
00003919  DL_SYSCTL_switchMCLKfromSYSOSCtoHSCLK
00002acd  DL_Timer_initTimerMode               
00003ffd  DL_Timer_setClockConfig              
00003889  DL_UART_init                         
00004245  DL_UART_setClockConfig               
00003ec1  DL_UART_transmitDataBlocking         
00004351  DMA_IRQHandler                       
00004351  Default_Handler                      
00002721  FFT_Count                            
20205000  FFT_Current                          
20200000  FFT_Input                            
00004351  GROUP0_IRQHandler                    
00004351  GROUP1_IRQHandler                    
00004351  HardFault_Handler                    
00004351  I2C0_IRQHandler                      
00004351  I2C1_IRQHandler                      
20206954  KFP_Current_Wave                     
2020696c  KFP_FFT_Wave                         
20206984  KFP_Power                            
2020699c  KFP_PowerPer                         
20206861  Mode_Set                             
00004351  NMI_Handler                          
00004351  PendSV_Handler                       
20206848  Power                                
2020684c  Power_Eff                            
20206850  Power_Per                            
00004351  RTC_IRQHandler                       
00004355  Reset_Handler                        
00004351  SPI0_IRQHandler                      
00004351  SPI1_IRQHandler                      
00004351  SVC_Handler                          
0000305d  SYSCFG_DL_ADC12_0_init               
00002fb9  SYSCFG_DL_ADC12_1_init               
00003c51  SYSCFG_DL_DMA_CH0_init               
00003d75  SYSCFG_DL_DMA_CH1_init               
000042d5  SYSCFG_DL_DMA_init                   
0000406b  SYSCFG_DL_GPIO_init                  
00003a1d  SYSCFG_DL_SYSCTL_init                
00003665  SYSCFG_DL_TIMER_0_init               
000038d1  SYSCFG_DL_UART_0_init                
00003e3b  SYSCFG_DL_init                       
00003289  SYSCFG_DL_initPower                  
00004351  SysTick_Handler                      
00004351  TIMA0_IRQHandler                     
00004351  TIMA1_IRQHandler                     
00004351  TIMG0_IRQHandler                     
00004351  TIMG12_IRQHandler                    
00004351  TIMG6_IRQHandler                     
00004351  TIMG7_IRQHandler                     
00004351  TIMG8_IRQHandler                     
00004257  TI_memcpy_small                      
000042c7  TI_memset_small                      
00003d9d  UART0_IRQHandler                     
00004351  UART1_IRQHandler                     
00004351  UART2_IRQHandler                     
00004351  UART3_IRQHandler                     
20205800  Voltage                              
20206854  Voltage_Avr                          
20206000  Voltage_DMA                          
20206858  Voltage_Middle                       
20203000  Voltage_Set                          
2020685c  Voltage_Val                          
202069b4  Wave_10                              
202069cc  Wave_2                               
202069e4  Wave_3                               
202069fc  Wave_4                               
20206a14  Wave_5                               
20206a2c  Wave_6                               
20206a44  Wave_7                               
20206a5c  Wave_8                               
20206a74  Wave_9                               
20208000  __STACK_END                          
00000200  __STACK_SIZE                         
00000000  __TI_ATRegion0_region_sz             
00000000  __TI_ATRegion0_src_addr              
00000000  __TI_ATRegion0_trg_addr              
00000000  __TI_ATRegion1_region_sz             
00000000  __TI_ATRegion1_src_addr              
00000000  __TI_ATRegion1_trg_addr              
00000000  __TI_ATRegion2_region_sz             
00000000  __TI_ATRegion2_src_addr              
00000000  __TI_ATRegion2_trg_addr              
0000736c  __TI_CINIT_Base                      
0000737c  __TI_CINIT_Limit                     
0000737c  __TI_CINIT_Warm                      
00007358  __TI_Handler_Table_Base              
00007364  __TI_Handler_Table_Limit             
00003ad1  __TI_auto_init_nobinit_nopinit       
00003379  __TI_decompress_lzss                 
00004269  __TI_decompress_none                 
ffffffff  __TI_pprof_out_hndl                  
00001e09  __TI_printfi_minimal                 
ffffffff  __TI_prof_data_size                  
ffffffff  __TI_prof_data_start                 
00000000  __TI_static_base__                   
0000428d  __TI_zero_init                       
00002597  __adddf3                             
00002d7f  __addsf3                             
000033f1  __aeabi_d2f                          
0000383d  __aeabi_d2iz                         
00002597  __aeabi_dadd                         
00003541  __aeabi_dcmpeq                       
0000357d  __aeabi_dcmpge                       
00003591  __aeabi_dcmpgt                       
00003569  __aeabi_dcmple                       
00003555  __aeabi_dcmplt                       
000029c1  __aeabi_ddiv                         
00002bb5  __aeabi_dmul                         
0000258d  __aeabi_dsub                         
20206a8c  __aeabi_errno                        
00004319  __aeabi_errno_addr                   
000039dd  __aeabi_f2d                          
00003bbd  __aeabi_f2iz                         
00002d7f  __aeabi_fadd                         
000035a5  __aeabi_fcmpeq                       
000035e1  __aeabi_fcmpge                       
000035f5  __aeabi_fcmpgt                       
000035cd  __aeabi_fcmple                       
000035b9  __aeabi_fcmplt                       
00003205  __aeabi_fdiv                         
000030f5  __aeabi_fmul                         
00002d75  __aeabi_fsub                         
00003ca9  __aeabi_i2d                          
00003a59  __aeabi_i2f                          
0000271f  __aeabi_idiv0                        
000042e1  __aeabi_memclr                       
000042e1  __aeabi_memclr4                      
000042e1  __aeabi_memclr8                      
00004321  __aeabi_memcpy                       
00004321  __aeabi_memcpy4                      
00004321  __aeabi_memcpy8                      
0000429d  __aeabi_memset                       
0000429d  __aeabi_memset4                      
0000429d  __aeabi_memset8                      
00003dc5  __aeabi_ui2f                         
0000399d  __aeabi_uidiv                        
0000399d  __aeabi_uidivmod                     
ffffffff  __binit__                            
000034d5  __cmpdf2                             
00003b0d  __cmpsf2                             
000029c1  __divdf3                             
00003205  __divsf3                             
000034d5  __eqdf2                              
00003b0d  __eqsf2                              
000039dd  __extendsfdf2                        
0000383d  __fixdfsi                            
00003bbd  __fixsfsi                            
00003ca9  __floatsidf                          
00003a59  __floatsisf                          
00003dc5  __floatunsisf                        
00003465  __gedf2                              
00003a95  __gesf2                              
00003465  __gtdf2                              
00003a95  __gtsf2                              
000034d5  __ledf2                              
00003b0d  __lesf2                              
000034d5  __ltdf2                              
00003b0d  __ltsf2                              
UNDEFED   __mpu_init                           
00002bb5  __muldf3                             
00003b49  __muldsi3                            
000030f5  __mulsf3                             
000034d5  __nedf2                              
00003b0d  __nesf2                              
20207e00  __stack                              
20200000  __start___llvm_prf_bits              
20200000  __start___llvm_prf_cnts              
20200000  __stop___llvm_prf_bits               
20200000  __stop___llvm_prf_cnts               
0000258d  __subdf3                             
00002d75  __subsf3                             
000033f1  __truncdfsf2                         
00003ded  _c_int00_noargs                      
20206864  _ftable                              
20206a90  _lock                                
00003287  _nop                                 
UNDEFED   _system_post_cinit                   
00004359  _system_pre_init                     
20206a94  _unlock                              
0000435d  abort                                
00006360  armBitRevIndexTable1024              
0000288d  arm_bitreversal_32                   
0000208d  arm_cfft_f32                         
00001b59  arm_cfft_radix8by2_f32               
000009bd  arm_cfft_radix8by4_f32               
00007230  arm_cfft_sR_f32_len1024              
00002255  arm_cmplx_mag_f32                    
000000c1  arm_radix8_butterfly_f32             
00001861  atan                                 
000023f5  atan2                                
000023f5  atan2l                               
00001861  atanl                                
ffffffff  binit                                
00004035  fputc                                
000036bd  fputs                                
00000000  interruptVectors                     
00003301  kalmanFilter                         
00001131  main                                 
00003e5f  memccpy                              
00003609  printf                               
00002f11  sqrtf                                
000042b9  strlen                               
00004360  twiddleCoef_1024                     


GLOBAL SYMBOLS: SORTED BY Symbol Address 

address   name                                 
-------   ----                                 
00000000  __TI_ATRegion0_region_sz             
00000000  __TI_ATRegion0_src_addr              
00000000  __TI_ATRegion0_trg_addr              
00000000  __TI_ATRegion1_region_sz             
00000000  __TI_ATRegion1_src_addr              
00000000  __TI_ATRegion1_trg_addr              
00000000  __TI_ATRegion2_region_sz             
00000000  __TI_ATRegion2_src_addr              
00000000  __TI_ATRegion2_trg_addr              
00000000  __TI_static_base__                   
00000000  interruptVectors                     
000000c1  arm_radix8_butterfly_f32             
00000200  __STACK_SIZE                         
000009bd  arm_cfft_radix8by4_f32               
00001131  main                                 
00001861  atan                                 
00001861  atanl                                
00001b59  arm_cfft_radix8by2_f32               
00001e09  __TI_printfi_minimal                 
0000208d  arm_cfft_f32                         
00002255  arm_cmplx_mag_f32                    
000023f5  atan2                                
000023f5  atan2l                               
0000258d  __aeabi_dsub                         
0000258d  __subdf3                             
00002597  __adddf3                             
00002597  __aeabi_dadd                         
0000271f  __aeabi_idiv0                        
00002721  FFT_Count                            
0000288d  arm_bitreversal_32                   
000029c1  __aeabi_ddiv                         
000029c1  __divdf3                             
00002acd  DL_Timer_initTimerMode               
00002bb5  __aeabi_dmul                         
00002bb5  __muldf3                             
00002c99  DL_SYSCTL_configSYSPLL               
00002d75  __aeabi_fsub                         
00002d75  __subsf3                             
00002d7f  __addsf3                             
00002d7f  __aeabi_fadd                         
00002e4d  ADC0_IRQHandler                      
00002f11  sqrtf                                
00002fb9  SYSCFG_DL_ADC12_1_init               
0000305d  SYSCFG_DL_ADC12_0_init               
000030f5  __aeabi_fmul                         
000030f5  __mulsf3                             
00003205  __aeabi_fdiv                         
00003205  __divsf3                             
00003287  _nop                                 
00003289  SYSCFG_DL_initPower                  
00003301  kalmanFilter                         
00003379  __TI_decompress_lzss                 
000033f1  __aeabi_d2f                          
000033f1  __truncdfsf2                         
00003465  __gedf2                              
00003465  __gtdf2                              
000034d5  __cmpdf2                             
000034d5  __eqdf2                              
000034d5  __ledf2                              
000034d5  __ltdf2                              
000034d5  __nedf2                              
00003541  __aeabi_dcmpeq                       
00003555  __aeabi_dcmplt                       
00003569  __aeabi_dcmple                       
0000357d  __aeabi_dcmpge                       
00003591  __aeabi_dcmpgt                       
000035a5  __aeabi_fcmpeq                       
000035b9  __aeabi_fcmplt                       
000035cd  __aeabi_fcmple                       
000035e1  __aeabi_fcmpge                       
000035f5  __aeabi_fcmpgt                       
00003609  printf                               
00003665  SYSCFG_DL_TIMER_0_init               
000036bd  fputs                                
00003759  DL_DMA_initChannel                   
0000383d  __aeabi_d2iz                         
0000383d  __fixdfsi                            
00003889  DL_UART_init                         
000038d1  SYSCFG_DL_UART_0_init                
00003919  DL_SYSCTL_switchMCLKfromSYSOSCtoHSCLK
0000395d  DL_ADC12_setClockConfig              
0000399d  __aeabi_uidiv                        
0000399d  __aeabi_uidivmod                     
000039dd  __aeabi_f2d                          
000039dd  __extendsfdf2                        
00003a1d  SYSCFG_DL_SYSCTL_init                
00003a59  __aeabi_i2f                          
00003a59  __floatsisf                          
00003a95  __gesf2                              
00003a95  __gtsf2                              
00003ad1  __TI_auto_init_nobinit_nopinit       
00003b0d  __cmpsf2                             
00003b0d  __eqsf2                              
00003b0d  __lesf2                              
00003b0d  __ltsf2                              
00003b0d  __nesf2                              
00003b49  __muldsi3                            
00003bbd  __aeabi_f2iz                         
00003bbd  __fixsfsi                            
00003c51  SYSCFG_DL_DMA_CH0_init               
00003ca9  __aeabi_i2d                          
00003ca9  __floatsidf                          
00003d75  SYSCFG_DL_DMA_CH1_init               
00003d9d  UART0_IRQHandler                     
00003dc5  __aeabi_ui2f                         
00003dc5  __floatunsisf                        
00003ded  _c_int00_noargs                      
00003e3b  SYSCFG_DL_init                       
00003e5f  memccpy                              
00003ec1  DL_UART_transmitDataBlocking         
00003ffd  DL_Timer_setClockConfig              
00004035  fputc                                
0000406b  SYSCFG_DL_GPIO_init                  
00004245  DL_UART_setClockConfig               
00004257  TI_memcpy_small                      
00004269  __TI_decompress_none                 
0000428d  __TI_zero_init                       
0000429d  __aeabi_memset                       
0000429d  __aeabi_memset4                      
0000429d  __aeabi_memset8                      
000042b9  strlen                               
000042c7  TI_memset_small                      
000042d5  SYSCFG_DL_DMA_init                   
000042e1  __aeabi_memclr                       
000042e1  __aeabi_memclr4                      
000042e1  __aeabi_memclr8                      
000042ed  DL_Common_delayCycles                
00004319  __aeabi_errno_addr                   
00004321  __aeabi_memcpy                       
00004321  __aeabi_memcpy4                      
00004321  __aeabi_memcpy8                      
00004351  ADC1_IRQHandler                      
00004351  AES_IRQHandler                       
00004351  CANFD0_IRQHandler                    
00004351  DAC0_IRQHandler                      
00004351  DMA_IRQHandler                       
00004351  Default_Handler                      
00004351  GROUP0_IRQHandler                    
00004351  GROUP1_IRQHandler                    
00004351  HardFault_Handler                    
00004351  I2C0_IRQHandler                      
00004351  I2C1_IRQHandler                      
00004351  NMI_Handler                          
00004351  PendSV_Handler                       
00004351  RTC_IRQHandler                       
00004351  SPI0_IRQHandler                      
00004351  SPI1_IRQHandler                      
00004351  SVC_Handler                          
00004351  SysTick_Handler                      
00004351  TIMA0_IRQHandler                     
00004351  TIMA1_IRQHandler                     
00004351  TIMG0_IRQHandler                     
00004351  TIMG12_IRQHandler                    
00004351  TIMG6_IRQHandler                     
00004351  TIMG7_IRQHandler                     
00004351  TIMG8_IRQHandler                     
00004351  UART1_IRQHandler                     
00004351  UART2_IRQHandler                     
00004351  UART3_IRQHandler                     
00004355  Reset_Handler                        
00004359  _system_pre_init                     
0000435c  C$$EXIT                              
0000435d  abort                                
00004360  twiddleCoef_1024                     
00006360  armBitRevIndexTable1024              
00007230  arm_cfft_sR_f32_len1024              
00007358  __TI_Handler_Table_Base              
00007364  __TI_Handler_Table_Limit             
0000736c  __TI_CINIT_Base                      
0000737c  __TI_CINIT_Limit                     
0000737c  __TI_CINIT_Warm                      
20200000  FFT_Input                            
20200000  __start___llvm_prf_bits              
20200000  __start___llvm_prf_cnts              
20200000  __stop___llvm_prf_bits               
20200000  __stop___llvm_prf_cnts               
20202000  Current_Set                          
20203000  Voltage_Set                          
20204000  Current                              
20204800  Current_DMA                          
20205000  FFT_Current                          
20205800  Voltage                              
20206000  Voltage_DMA                          
20206800  Current_Wave                         
20206828  Current_per                          
20206830  Current_Avr                          
20206834  Current_Middle                       
20206838  Current_PerCount                     
2020683c  Current_Val                          
20206840  Current_Wave_Inf                     
20206844  Current_Wave_Inf_Middle              
20206848  Power                                
2020684c  Power_Eff                            
20206850  Power_Per                            
20206854  Voltage_Avr                          
20206858  Voltage_Middle                       
2020685c  Voltage_Val                          
20206860  ADC_Flag                             
20206861  Mode_Set                             
20206864  _ftable                              
20206954  KFP_Current_Wave                     
2020696c  KFP_FFT_Wave                         
20206984  KFP_Power                            
2020699c  KFP_PowerPer                         
202069b4  Wave_10                              
202069cc  Wave_2                               
202069e4  Wave_3                               
202069fc  Wave_4                               
20206a14  Wave_5                               
20206a2c  Wave_6                               
20206a44  Wave_7                               
20206a5c  Wave_8                               
20206a74  Wave_9                               
20206a8c  __aeabi_errno                        
20206a90  _lock                                
20206a94  _unlock                              
20207e00  __stack                              
20208000  __STACK_END                          
ffffffff  __TI_pprof_out_hndl                  
ffffffff  __TI_prof_data_size                  
ffffffff  __TI_prof_data_start                 
ffffffff  __binit__                            
ffffffff  binit                                
UNDEFED   __mpu_init                           
UNDEFED   _system_post_cinit                   

[225 symbols]
