<?xml version="1.0" encoding="ISO-8859-1" ?>
<link_info>
   <banner>TI ARM Clang Linker PC v3.2.2.LTS</banner>
   <copyright>Copyright (c) 1996-2018 Texas Instruments Incorporated</copyright>
   <link_time>0x66aafe39</link_time>
   <link_errors>0x0</link_errors>
   <output_file>C:\Users\a2997\workspace_ccstheia\empty_LP_MSPM0G3507_nortos_ticlang\Debug\empty_LP_MSPM0G3507_nortos_ticlang.out</output_file>
   <entry_point>
      <name>_c_int00_noargs</name>
      <address>0x3ded</address>
   </entry_point>
   <input_file_list>
      <input_file id="fl-1">
         <path>C:\Users\a2997\workspace_ccstheia\empty_LP_MSPM0G3507_nortos_ticlang\Debug\.\</path>
         <kind>object</kind>
         <file>empty.o</file>
         <name>empty.o</name>
      </input_file>
      <input_file id="fl-2">
         <path>C:\Users\a2997\workspace_ccstheia\empty_LP_MSPM0G3507_nortos_ticlang\Debug\.\</path>
         <kind>object</kind>
         <file>ti_msp_dl_config.o</file>
         <name>ti_msp_dl_config.o</name>
      </input_file>
      <input_file id="fl-3">
         <path>C:\Users\a2997\workspace_ccstheia\empty_LP_MSPM0G3507_nortos_ticlang\Debug\.\</path>
         <kind>object</kind>
         <file>startup_mspm0g350x_ticlang.o</file>
         <name>startup_mspm0g350x_ticlang.o</name>
      </input_file>
      <input_file id="fl-4">
         <path>C:\Users\a2997\workspace_ccstheia\empty_LP_MSPM0G3507_nortos_ticlang\Debug\.\USER\</path>
         <kind>object</kind>
         <file>FFT.o</file>
         <name>FFT.o</name>
      </input_file>
      <input_file id="fl-5">
         <path>C:\Users\a2997\workspace_ccstheia\empty_LP_MSPM0G3507_nortos_ticlang\Debug\.\USER\</path>
         <kind>object</kind>
         <file>Power_Mode.o</file>
         <name>Power_Mode.o</name>
      </input_file>
      <input_file id="fl-6">
         <path>C:\Users\a2997\workspace_ccstheia\empty_LP_MSPM0G3507_nortos_ticlang\Debug\.\USER\</path>
         <kind>object</kind>
         <file>UART.o</file>
         <name>UART.o</name>
      </input_file>
      <input_file id="fl-14">
         <path>C:\Users\a2997\workspace_ccstheia\empty_LP_MSPM0G3507_nortos_ticlang\Debug\</path>
         <kind>object</kind>
         <file>&lt;internal&gt;</file>
         <name>&lt;internal&gt;</name>
      </input_file>
      <input_file id="fl-15">
         <path>C:\ti\mspm0_sdk_2_01_00_03\source\third_party\CMSIS\DSP\lib\ticlang\m0p\</path>
         <kind>archive</kind>
         <file>arm_cortexM0l_math.a</file>
         <name>arm_const_structs.o</name>
      </input_file>
      <input_file id="fl-16">
         <path>C:\ti\mspm0_sdk_2_01_00_03\source\third_party\CMSIS\DSP\lib\ticlang\m0p\</path>
         <kind>archive</kind>
         <file>arm_cortexM0l_math.a</file>
         <name>arm_cmplx_mag_f32.o</name>
      </input_file>
      <input_file id="fl-17">
         <path>C:\ti\mspm0_sdk_2_01_00_03\source\third_party\CMSIS\DSP\lib\ticlang\m0p\</path>
         <kind>archive</kind>
         <file>arm_cortexM0l_math.a</file>
         <name>arm_cfft_f32.o</name>
      </input_file>
      <input_file id="fl-18">
         <path>C:\ti\mspm0_sdk_2_01_00_03\source\third_party\CMSIS\DSP\lib\ticlang\m0p\</path>
         <kind>archive</kind>
         <file>arm_cortexM0l_math.a</file>
         <name>arm_cfft_radix8_f32.o</name>
      </input_file>
      <input_file id="fl-19">
         <path>C:\ti\mspm0_sdk_2_01_00_03\source\third_party\CMSIS\DSP\lib\ticlang\m0p\</path>
         <kind>archive</kind>
         <file>arm_cortexM0l_math.a</file>
         <name>arm_common_tables.o</name>
      </input_file>
      <input_file id="fl-1a">
         <path>C:\ti\mspm0_sdk_2_01_00_03\source\third_party\CMSIS\DSP\lib\ticlang\m0p\</path>
         <kind>archive</kind>
         <file>arm_cortexM0l_math.a</file>
         <name>arm_bitreversal2.o</name>
      </input_file>
      <input_file id="fl-1b">
         <path>C:\ti\mspm0_sdk_2_01_00_03\source\ti\driverlib\lib\ticlang\m0p\mspm0g1x0x_g3x0x\</path>
         <kind>archive</kind>
         <file>driverlib.a</file>
         <name>dl_adc12.o</name>
      </input_file>
      <input_file id="fl-1c">
         <path>C:\ti\mspm0_sdk_2_01_00_03\source\ti\driverlib\lib\ticlang\m0p\mspm0g1x0x_g3x0x\</path>
         <kind>archive</kind>
         <file>driverlib.a</file>
         <name>dl_common.o</name>
      </input_file>
      <input_file id="fl-1d">
         <path>C:\ti\mspm0_sdk_2_01_00_03\source\ti\driverlib\lib\ticlang\m0p\mspm0g1x0x_g3x0x\</path>
         <kind>archive</kind>
         <file>driverlib.a</file>
         <name>dl_dma.o</name>
      </input_file>
      <input_file id="fl-1e">
         <path>C:\ti\mspm0_sdk_2_01_00_03\source\ti\driverlib\lib\ticlang\m0p\mspm0g1x0x_g3x0x\</path>
         <kind>archive</kind>
         <file>driverlib.a</file>
         <name>dl_timer.o</name>
      </input_file>
      <input_file id="fl-1f">
         <path>C:\ti\mspm0_sdk_2_01_00_03\source\ti\driverlib\lib\ticlang\m0p\mspm0g1x0x_g3x0x\</path>
         <kind>archive</kind>
         <file>driverlib.a</file>
         <name>dl_uart.o</name>
      </input_file>
      <input_file id="fl-20">
         <path>C:\ti\mspm0_sdk_2_01_00_03\source\ti\driverlib\lib\ticlang\m0p\mspm0g1x0x_g3x0x\</path>
         <kind>archive</kind>
         <file>driverlib.a</file>
         <name>dl_sysctl_mspm0g1x0x_g3x0x.o</name>
      </input_file>
      <input_file id="fl-2f">
         <path>C:\ti\ccstheia141\ccs\tools\compiler\ti-cgt-armllvm_3.2.2.LTS\lib\armv6m-ti-none-eabi\c\</path>
         <kind>archive</kind>
         <file>libc.a</file>
         <name>printf.c.obj</name>
      </input_file>
      <input_file id="fl-30">
         <path>C:\ti\ccstheia141\ccs\tools\compiler\ti-cgt-armllvm_3.2.2.LTS\lib\armv6m-ti-none-eabi\c\</path>
         <kind>archive</kind>
         <file>libc.a</file>
         <name>_printfi.c.obj</name>
      </input_file>
      <input_file id="fl-31">
         <path>C:\ti\ccstheia141\ccs\tools\compiler\ti-cgt-armllvm_3.2.2.LTS\lib\armv6m-ti-none-eabi\c\</path>
         <kind>archive</kind>
         <file>libc.a</file>
         <name>e_sqrtf.c.obj</name>
      </input_file>
      <input_file id="fl-32">
         <path>C:\ti\ccstheia141\ccs\tools\compiler\ti-cgt-armllvm_3.2.2.LTS\lib\armv6m-ti-none-eabi\c\</path>
         <kind>archive</kind>
         <file>libc.a</file>
         <name>e_atan2.c.obj</name>
      </input_file>
      <input_file id="fl-33">
         <path>C:\ti\ccstheia141\ccs\tools\compiler\ti-cgt-armllvm_3.2.2.LTS\lib\armv6m-ti-none-eabi\c\</path>
         <kind>archive</kind>
         <file>libc.a</file>
         <name>s_atan.c.obj</name>
      </input_file>
      <input_file id="fl-34">
         <path>C:\ti\ccstheia141\ccs\tools\compiler\ti-cgt-armllvm_3.2.2.LTS\lib\armv6m-ti-none-eabi\c\</path>
         <kind>archive</kind>
         <file>libc.a</file>
         <name>s_frexp.c.obj</name>
      </input_file>
      <input_file id="fl-35">
         <path>C:\ti\ccstheia141\ccs\tools\compiler\ti-cgt-armllvm_3.2.2.LTS\lib\armv6m-ti-none-eabi\c\</path>
         <kind>archive</kind>
         <file>libc.a</file>
         <name>s_scalbn.c.obj</name>
      </input_file>
      <input_file id="fl-36">
         <path>C:\ti\ccstheia141\ccs\tools\compiler\ti-cgt-armllvm_3.2.2.LTS\lib\armv6m-ti-none-eabi\c\</path>
         <kind>archive</kind>
         <file>libc.a</file>
         <name>aeabi_portable.c.obj</name>
      </input_file>
      <input_file id="fl-37">
         <path>C:\ti\ccstheia141\ccs\tools\compiler\ti-cgt-armllvm_3.2.2.LTS\lib\armv6m-ti-none-eabi\c\</path>
         <kind>archive</kind>
         <file>libc.a</file>
         <name>_lock.c.obj</name>
      </input_file>
      <input_file id="fl-38">
         <path>C:\ti\ccstheia141\ccs\tools\compiler\ti-cgt-armllvm_3.2.2.LTS\lib\armv6m-ti-none-eabi\c\</path>
         <kind>archive</kind>
         <file>libc.a</file>
         <name>_ltoa.c.obj</name>
      </input_file>
      <input_file id="fl-39">
         <path>C:\ti\ccstheia141\ccs\tools\compiler\ti-cgt-armllvm_3.2.2.LTS\lib\armv6m-ti-none-eabi\c\</path>
         <kind>archive</kind>
         <file>libc.a</file>
         <name>assert.c.obj</name>
      </input_file>
      <input_file id="fl-3a">
         <path>C:\ti\ccstheia141\ccs\tools\compiler\ti-cgt-armllvm_3.2.2.LTS\lib\armv6m-ti-none-eabi\c\</path>
         <kind>archive</kind>
         <file>libc.a</file>
         <name>atoi.c.obj</name>
      </input_file>
      <input_file id="fl-3b">
         <path>C:\ti\ccstheia141\ccs\tools\compiler\ti-cgt-armllvm_3.2.2.LTS\lib\armv6m-ti-none-eabi\c\</path>
         <kind>archive</kind>
         <file>libc.a</file>
         <name>defs.c.obj</name>
      </input_file>
      <input_file id="fl-3c">
         <path>C:\ti\ccstheia141\ccs\tools\compiler\ti-cgt-armllvm_3.2.2.LTS\lib\armv6m-ti-none-eabi\c\</path>
         <kind>archive</kind>
         <file>libc.a</file>
         <name>memccpy.c.obj</name>
      </input_file>
      <input_file id="fl-3d">
         <path>C:\ti\ccstheia141\ccs\tools\compiler\ti-cgt-armllvm_3.2.2.LTS\lib\armv6m-ti-none-eabi\c\</path>
         <kind>archive</kind>
         <file>libc.a</file>
         <name>memory.c.obj</name>
      </input_file>
      <input_file id="fl-3e">
         <path>C:\ti\ccstheia141\ccs\tools\compiler\ti-cgt-armllvm_3.2.2.LTS\lib\armv6m-ti-none-eabi\c\</path>
         <kind>archive</kind>
         <file>libc.a</file>
         <name>strlen.c.obj</name>
      </input_file>
      <input_file id="fl-3f">
         <path>C:\ti\ccstheia141\ccs\tools\compiler\ti-cgt-armllvm_3.2.2.LTS\lib\armv6m-ti-none-eabi\c\</path>
         <kind>archive</kind>
         <file>libc.a</file>
         <name>boot_cortex_m.c.obj</name>
      </input_file>
      <input_file id="fl-40">
         <path>C:\ti\ccstheia141\ccs\tools\compiler\ti-cgt-armllvm_3.2.2.LTS\lib\armv6m-ti-none-eabi\c\</path>
         <kind>archive</kind>
         <file>libc.a</file>
         <name>mathacl_init.c.obj</name>
      </input_file>
      <input_file id="fl-41">
         <path>C:\ti\ccstheia141\ccs\tools\compiler\ti-cgt-armllvm_3.2.2.LTS\lib\armv6m-ti-none-eabi\c\</path>
         <kind>archive</kind>
         <file>libc.a</file>
         <name>autoinit.c.obj</name>
      </input_file>
      <input_file id="fl-42">
         <path>C:\ti\ccstheia141\ccs\tools\compiler\ti-cgt-armllvm_3.2.2.LTS\lib\armv6m-ti-none-eabi\c\</path>
         <kind>archive</kind>
         <file>libc.a</file>
         <name>pre_init.c.obj</name>
      </input_file>
      <input_file id="fl-43">
         <path>C:\ti\ccstheia141\ccs\tools\compiler\ti-cgt-armllvm_3.2.2.LTS\lib\armv6m-ti-none-eabi\c\</path>
         <kind>archive</kind>
         <file>libc.a</file>
         <name>cpy_tbl.c.obj</name>
      </input_file>
      <input_file id="fl-44">
         <path>C:\ti\ccstheia141\ccs\tools\compiler\ti-cgt-armllvm_3.2.2.LTS\lib\armv6m-ti-none-eabi\c\</path>
         <kind>archive</kind>
         <file>libc.a</file>
         <name>copy_zero_init.c.obj</name>
      </input_file>
      <input_file id="fl-45">
         <path>C:\ti\ccstheia141\ccs\tools\compiler\ti-cgt-armllvm_3.2.2.LTS\lib\armv6m-ti-none-eabi\c\</path>
         <kind>archive</kind>
         <file>libc.a</file>
         <name>copy_decompress_none.c.obj</name>
      </input_file>
      <input_file id="fl-46">
         <path>C:\ti\ccstheia141\ccs\tools\compiler\ti-cgt-armllvm_3.2.2.LTS\lib\armv6m-ti-none-eabi\c\</path>
         <kind>archive</kind>
         <file>libc.a</file>
         <name>copy_decompress_lzss.c.obj</name>
      </input_file>
      <input_file id="fl-47">
         <path>C:\ti\ccstheia141\ccs\tools\compiler\ti-cgt-armllvm_3.2.2.LTS\lib\armv6m-ti-none-eabi\c\</path>
         <kind>archive</kind>
         <file>libc.a</file>
         <name>wcslen.c.obj</name>
      </input_file>
      <input_file id="fl-48">
         <path>C:\ti\ccstheia141\ccs\tools\compiler\ti-cgt-armllvm_3.2.2.LTS\lib\armv6m-ti-none-eabi\c\</path>
         <kind>archive</kind>
         <file>libc.a</file>
         <name>sprintf.c.obj</name>
      </input_file>
      <input_file id="fl-49">
         <path>C:\ti\ccstheia141\ccs\tools\compiler\ti-cgt-armllvm_3.2.2.LTS\lib\armv6m-ti-none-eabi\c\</path>
         <kind>archive</kind>
         <file>libc.a</file>
         <name>fflush.c.obj</name>
      </input_file>
      <input_file id="fl-4a">
         <path>C:\ti\ccstheia141\ccs\tools\compiler\ti-cgt-armllvm_3.2.2.LTS\lib\armv6m-ti-none-eabi\c\</path>
         <kind>archive</kind>
         <file>libc.a</file>
         <name>aeabi_ctype.S.obj</name>
      </input_file>
      <input_file id="fl-4b">
         <path>C:\ti\ccstheia141\ccs\tools\compiler\ti-cgt-armllvm_3.2.2.LTS\lib\armv6m-ti-none-eabi\c\</path>
         <kind>archive</kind>
         <file>libc.a</file>
         <name>exit.c.obj</name>
      </input_file>
      <input_file id="fl-4c">
         <path>C:\ti\ccstheia141\ccs\tools\compiler\ti-cgt-armllvm_3.2.2.LTS\lib\armv6m-ti-none-eabi\c\</path>
         <kind>archive</kind>
         <file>libc.a</file>
         <name>args_main.c.obj</name>
      </input_file>
      <input_file id="fl-b2">
         <path>C:\ti\ccstheia141\ccs\tools\compiler\ti-cgt-armllvm_3.2.2.LTS\lib\armv6m-ti-none-eabi\c\</path>
         <kind>archive</kind>
         <file>libsysbm.a</file>
         <name>write.c.obj</name>
      </input_file>
      <input_file id="fl-b3">
         <path>C:\ti\ccstheia141\ccs\tools\compiler\ti-cgt-armllvm_3.2.2.LTS\lib\armv6m-ti-none-eabi\c\</path>
         <kind>archive</kind>
         <file>libsysbm.a</file>
         <name>host_device.c.obj</name>
      </input_file>
      <input_file id="fl-b4">
         <path>C:\ti\ccstheia141\ccs\tools\compiler\ti-cgt-armllvm_3.2.2.LTS\lib\armv6m-ti-none-eabi\c\</path>
         <kind>archive</kind>
         <file>libsysbm.a</file>
         <name>hostclose.c.obj</name>
      </input_file>
      <input_file id="fl-b5">
         <path>C:\ti\ccstheia141\ccs\tools\compiler\ti-cgt-armllvm_3.2.2.LTS\lib\armv6m-ti-none-eabi\c\</path>
         <kind>archive</kind>
         <file>libsysbm.a</file>
         <name>hostlseek.c.obj</name>
      </input_file>
      <input_file id="fl-b6">
         <path>C:\ti\ccstheia141\ccs\tools\compiler\ti-cgt-armllvm_3.2.2.LTS\lib\armv6m-ti-none-eabi\c\</path>
         <kind>archive</kind>
         <file>libsysbm.a</file>
         <name>hostopen.c.obj</name>
      </input_file>
      <input_file id="fl-b7">
         <path>C:\ti\ccstheia141\ccs\tools\compiler\ti-cgt-armllvm_3.2.2.LTS\lib\armv6m-ti-none-eabi\c\</path>
         <kind>archive</kind>
         <file>libsysbm.a</file>
         <name>hostread.c.obj</name>
      </input_file>
      <input_file id="fl-b8">
         <path>C:\ti\ccstheia141\ccs\tools\compiler\ti-cgt-armllvm_3.2.2.LTS\lib\armv6m-ti-none-eabi\c\</path>
         <kind>archive</kind>
         <file>libsysbm.a</file>
         <name>hostrename.c.obj</name>
      </input_file>
      <input_file id="fl-b9">
         <path>C:\ti\ccstheia141\ccs\tools\compiler\ti-cgt-armllvm_3.2.2.LTS\lib\armv6m-ti-none-eabi\c\</path>
         <kind>archive</kind>
         <file>libsysbm.a</file>
         <name>hostunlink.c.obj</name>
      </input_file>
      <input_file id="fl-ba">
         <path>C:\ti\ccstheia141\ccs\tools\compiler\ti-cgt-armllvm_3.2.2.LTS\lib\armv6m-ti-none-eabi\c\</path>
         <kind>archive</kind>
         <file>libsysbm.a</file>
         <name>hostwrite.c.obj</name>
      </input_file>
      <input_file id="fl-bb">
         <path>C:\ti\ccstheia141\ccs\tools\compiler\ti-cgt-armllvm_3.2.2.LTS\lib\armv6m-ti-none-eabi\c\</path>
         <kind>archive</kind>
         <file>libsysbm.a</file>
         <name>trgmsg.c.obj</name>
      </input_file>
      <input_file id="fl-bc">
         <path>C:\ti\ccstheia141\ccs\tools\compiler\ti-cgt-armllvm_3.2.2.LTS\lib\clang\15.0.7\lib\armv6m-ti-none-eabi\</path>
         <kind>archive</kind>
         <file>libclang_rt.builtins.a</file>
         <name>addsf3.S.obj</name>
      </input_file>
      <input_file id="fl-bd">
         <path>C:\ti\ccstheia141\ccs\tools\compiler\ti-cgt-armllvm_3.2.2.LTS\lib\clang\15.0.7\lib\armv6m-ti-none-eabi\</path>
         <kind>archive</kind>
         <file>libclang_rt.builtins.a</file>
         <name>adddf3.S.obj</name>
      </input_file>
      <input_file id="fl-be">
         <path>C:\ti\ccstheia141\ccs\tools\compiler\ti-cgt-armllvm_3.2.2.LTS\lib\clang\15.0.7\lib\armv6m-ti-none-eabi\</path>
         <kind>archive</kind>
         <file>libclang_rt.builtins.a</file>
         <name>muldf3.S.obj</name>
      </input_file>
      <input_file id="fl-bf">
         <path>C:\ti\ccstheia141\ccs\tools\compiler\ti-cgt-armllvm_3.2.2.LTS\lib\clang\15.0.7\lib\armv6m-ti-none-eabi\</path>
         <kind>archive</kind>
         <file>libclang_rt.builtins.a</file>
         <name>muldsi3.S.obj</name>
      </input_file>
      <input_file id="fl-c0">
         <path>C:\ti\ccstheia141\ccs\tools\compiler\ti-cgt-armllvm_3.2.2.LTS\lib\clang\15.0.7\lib\armv6m-ti-none-eabi\</path>
         <kind>archive</kind>
         <file>libclang_rt.builtins.a</file>
         <name>mulsf3.S.obj</name>
      </input_file>
      <input_file id="fl-c1">
         <path>C:\ti\ccstheia141\ccs\tools\compiler\ti-cgt-armllvm_3.2.2.LTS\lib\clang\15.0.7\lib\armv6m-ti-none-eabi\</path>
         <kind>archive</kind>
         <file>libclang_rt.builtins.a</file>
         <name>divsf3.S.obj</name>
      </input_file>
      <input_file id="fl-c2">
         <path>C:\ti\ccstheia141\ccs\tools\compiler\ti-cgt-armllvm_3.2.2.LTS\lib\clang\15.0.7\lib\armv6m-ti-none-eabi\</path>
         <kind>archive</kind>
         <file>libclang_rt.builtins.a</file>
         <name>divdf3.S.obj</name>
      </input_file>
      <input_file id="fl-c3">
         <path>C:\ti\ccstheia141\ccs\tools\compiler\ti-cgt-armllvm_3.2.2.LTS\lib\clang\15.0.7\lib\armv6m-ti-none-eabi\</path>
         <kind>archive</kind>
         <file>libclang_rt.builtins.a</file>
         <name>extendsfdf2.S.obj</name>
      </input_file>
      <input_file id="fl-c4">
         <path>C:\ti\ccstheia141\ccs\tools\compiler\ti-cgt-armllvm_3.2.2.LTS\lib\clang\15.0.7\lib\armv6m-ti-none-eabi\</path>
         <kind>archive</kind>
         <file>libclang_rt.builtins.a</file>
         <name>fixdfsi.S.obj</name>
      </input_file>
      <input_file id="fl-c5">
         <path>C:\ti\ccstheia141\ccs\tools\compiler\ti-cgt-armllvm_3.2.2.LTS\lib\clang\15.0.7\lib\armv6m-ti-none-eabi\</path>
         <kind>archive</kind>
         <file>libclang_rt.builtins.a</file>
         <name>fixsfsi.S.obj</name>
      </input_file>
      <input_file id="fl-c6">
         <path>C:\ti\ccstheia141\ccs\tools\compiler\ti-cgt-armllvm_3.2.2.LTS\lib\clang\15.0.7\lib\armv6m-ti-none-eabi\</path>
         <kind>archive</kind>
         <file>libclang_rt.builtins.a</file>
         <name>floatsidf.S.obj</name>
      </input_file>
      <input_file id="fl-c7">
         <path>C:\ti\ccstheia141\ccs\tools\compiler\ti-cgt-armllvm_3.2.2.LTS\lib\clang\15.0.7\lib\armv6m-ti-none-eabi\</path>
         <kind>archive</kind>
         <file>libclang_rt.builtins.a</file>
         <name>floatsisf.S.obj</name>
      </input_file>
      <input_file id="fl-c8">
         <path>C:\ti\ccstheia141\ccs\tools\compiler\ti-cgt-armllvm_3.2.2.LTS\lib\clang\15.0.7\lib\armv6m-ti-none-eabi\</path>
         <kind>archive</kind>
         <file>libclang_rt.builtins.a</file>
         <name>floatunsisf.S.obj</name>
      </input_file>
      <input_file id="fl-c9">
         <path>C:\ti\ccstheia141\ccs\tools\compiler\ti-cgt-armllvm_3.2.2.LTS\lib\clang\15.0.7\lib\armv6m-ti-none-eabi\</path>
         <kind>archive</kind>
         <file>libclang_rt.builtins.a</file>
         <name>muldi3.S.obj</name>
      </input_file>
      <input_file id="fl-ca">
         <path>C:\ti\ccstheia141\ccs\tools\compiler\ti-cgt-armllvm_3.2.2.LTS\lib\clang\15.0.7\lib\armv6m-ti-none-eabi\</path>
         <kind>archive</kind>
         <file>libclang_rt.builtins.a</file>
         <name>truncdfsf2.S.obj</name>
      </input_file>
      <input_file id="fl-cb">
         <path>C:\ti\ccstheia141\ccs\tools\compiler\ti-cgt-armllvm_3.2.2.LTS\lib\clang\15.0.7\lib\armv6m-ti-none-eabi\</path>
         <kind>archive</kind>
         <file>libclang_rt.builtins.a</file>
         <name>aeabi_dcmp.S.obj</name>
      </input_file>
      <input_file id="fl-cc">
         <path>C:\ti\ccstheia141\ccs\tools\compiler\ti-cgt-armllvm_3.2.2.LTS\lib\clang\15.0.7\lib\armv6m-ti-none-eabi\</path>
         <kind>archive</kind>
         <file>libclang_rt.builtins.a</file>
         <name>aeabi_fcmp.S.obj</name>
      </input_file>
      <input_file id="fl-cd">
         <path>C:\ti\ccstheia141\ccs\tools\compiler\ti-cgt-armllvm_3.2.2.LTS\lib\clang\15.0.7\lib\armv6m-ti-none-eabi\</path>
         <kind>archive</kind>
         <file>libclang_rt.builtins.a</file>
         <name>aeabi_idivmod.S.obj</name>
      </input_file>
      <input_file id="fl-ce">
         <path>C:\ti\ccstheia141\ccs\tools\compiler\ti-cgt-armllvm_3.2.2.LTS\lib\clang\15.0.7\lib\armv6m-ti-none-eabi\</path>
         <kind>archive</kind>
         <file>libclang_rt.builtins.a</file>
         <name>aeabi_memcpy.S.obj</name>
      </input_file>
      <input_file id="fl-cf">
         <path>C:\ti\ccstheia141\ccs\tools\compiler\ti-cgt-armllvm_3.2.2.LTS\lib\clang\15.0.7\lib\armv6m-ti-none-eabi\</path>
         <kind>archive</kind>
         <file>libclang_rt.builtins.a</file>
         <name>aeabi_memset.S.obj</name>
      </input_file>
      <input_file id="fl-d0">
         <path>C:\ti\ccstheia141\ccs\tools\compiler\ti-cgt-armllvm_3.2.2.LTS\lib\clang\15.0.7\lib\armv6m-ti-none-eabi\</path>
         <kind>archive</kind>
         <file>libclang_rt.builtins.a</file>
         <name>aeabi_uidivmod.S.obj</name>
      </input_file>
      <input_file id="fl-d1">
         <path>C:\ti\ccstheia141\ccs\tools\compiler\ti-cgt-armllvm_3.2.2.LTS\lib\clang\15.0.7\lib\armv6m-ti-none-eabi\</path>
         <kind>archive</kind>
         <file>libclang_rt.builtins.a</file>
         <name>aeabi_uldivmod.S.obj</name>
      </input_file>
      <input_file id="fl-d2">
         <path>C:\ti\ccstheia141\ccs\tools\compiler\ti-cgt-armllvm_3.2.2.LTS\lib\clang\15.0.7\lib\armv6m-ti-none-eabi\</path>
         <kind>archive</kind>
         <file>libclang_rt.builtins.a</file>
         <name>comparesf2.S.obj</name>
      </input_file>
      <input_file id="fl-d3">
         <path>C:\ti\ccstheia141\ccs\tools\compiler\ti-cgt-armllvm_3.2.2.LTS\lib\clang\15.0.7\lib\armv6m-ti-none-eabi\</path>
         <kind>archive</kind>
         <file>libclang_rt.builtins.a</file>
         <name>udivmoddi4.S.obj</name>
      </input_file>
      <input_file id="fl-d4">
         <path>C:\ti\ccstheia141\ccs\tools\compiler\ti-cgt-armllvm_3.2.2.LTS\lib\clang\15.0.7\lib\armv6m-ti-none-eabi\</path>
         <kind>archive</kind>
         <file>libclang_rt.builtins.a</file>
         <name>ashldi3.S.obj</name>
      </input_file>
      <input_file id="fl-d5">
         <path>C:\ti\ccstheia141\ccs\tools\compiler\ti-cgt-armllvm_3.2.2.LTS\lib\clang\15.0.7\lib\armv6m-ti-none-eabi\</path>
         <kind>archive</kind>
         <file>libclang_rt.builtins.a</file>
         <name>comparedf2.c.obj</name>
      </input_file>
      <input_file id="fl-d6">
         <path>C:\ti\ccstheia141\ccs\tools\compiler\ti-cgt-armllvm_3.2.2.LTS\lib\clang\15.0.7\lib\armv6m-ti-none-eabi\</path>
         <kind>archive</kind>
         <file>libclang_rt.builtins.a</file>
         <name>aeabi_div0.c.obj</name>
      </input_file>
      <input_file id="fl-d7">
         <path>C:\ti\ccstheia141\ccs\tools\compiler\ti-cgt-armllvm_3.2.2.LTS\lib\armv6m-ti-none-eabi\c\</path>
         <kind>archive</kind>
         <file>libc.a</file>
         <name>memcpy16.S.obj</name>
      </input_file>
      <input_file id="fl-d8">
         <path>C:\ti\ccstheia141\ccs\tools\compiler\ti-cgt-armllvm_3.2.2.LTS\lib\armv6m-ti-none-eabi\c\</path>
         <kind>archive</kind>
         <file>libc.a</file>
         <name>memset16.S.obj</name>
      </input_file>
   </input_file_list>
   <object_component_list>
      <object_component id="oc-18">
         <name>.intvecs</name>
         <load_address>0x0</load_address>
         <readonly>true</readonly>
         <run_address>0x0</run_address>
         <size>0xc0</size>
         <alignment>0x4</alignment>
         <input_file_ref idref="fl-3"/>
      </object_component>
      <object_component id="oc-1c7">
         <name>.text.arm_radix8_butterfly_f32</name>
         <load_address>0xc0</load_address>
         <readonly>true</readonly>
         <executable>true</executable>
         <run_address>0xc0</run_address>
         <size>0x8fc</size>
         <alignment>0x4</alignment>
         <input_file_ref idref="fl-18"/>
      </object_component>
      <object_component id="oc-1c5">
         <name>.text.arm_cfft_radix8by4_f32</name>
         <load_address>0x9bc</load_address>
         <readonly>true</readonly>
         <executable>true</executable>
         <run_address>0x9bc</run_address>
         <size>0x774</size>
         <alignment>0x2</alignment>
         <input_file_ref idref="fl-17"/>
      </object_component>
      <object_component id="oc-80">
         <name>.text.main</name>
         <load_address>0x1130</load_address>
         <readonly>true</readonly>
         <executable>true</executable>
         <run_address>0x1130</run_address>
         <size>0x730</size>
         <alignment>0x4</alignment>
         <input_file_ref idref="fl-1"/>
      </object_component>
      <object_component id="oc-1df">
         <name>.text.atan</name>
         <load_address>0x1860</load_address>
         <readonly>true</readonly>
         <executable>true</executable>
         <run_address>0x1860</run_address>
         <size>0x2f8</size>
         <alignment>0x4</alignment>
         <input_file_ref idref="fl-33"/>
      </object_component>
      <object_component id="oc-1c6">
         <name>.text.arm_cfft_radix8by2_f32</name>
         <load_address>0x1b58</load_address>
         <readonly>true</readonly>
         <executable>true</executable>
         <run_address>0x1b58</run_address>
         <size>0x2b0</size>
         <alignment>0x2</alignment>
         <input_file_ref idref="fl-17"/>
      </object_component>
      <object_component id="oc-1ef">
         <name>.text:__TI_printfi_minimal</name>
         <load_address>0x1e08</load_address>
         <readonly>true</readonly>
         <executable>true</executable>
         <run_address>0x1e08</run_address>
         <size>0x284</size>
         <alignment>0x4</alignment>
         <input_file_ref idref="fl-30"/>
      </object_component>
      <object_component id="oc-142">
         <name>.text.arm_cfft_f32</name>
         <load_address>0x208c</load_address>
         <readonly>true</readonly>
         <executable>true</executable>
         <run_address>0x208c</run_address>
         <size>0x1c8</size>
         <alignment>0x4</alignment>
         <input_file_ref idref="fl-17"/>
      </object_component>
      <object_component id="oc-148">
         <name>.text.arm_cmplx_mag_f32</name>
         <load_address>0x2254</load_address>
         <readonly>true</readonly>
         <executable>true</executable>
         <run_address>0x2254</run_address>
         <size>0x1a0</size>
         <alignment>0x4</alignment>
         <input_file_ref idref="fl-16"/>
      </object_component>
      <object_component id="oc-14c">
         <name>.text.atan2</name>
         <load_address>0x23f4</load_address>
         <readonly>true</readonly>
         <executable>true</executable>
         <run_address>0x23f4</run_address>
         <size>0x198</size>
         <alignment>0x4</alignment>
         <input_file_ref idref="fl-32"/>
      </object_component>
      <object_component id="oc-1db">
         <name>.text.adddf3_subdf3</name>
         <load_address>0x258c</load_address>
         <readonly>true</readonly>
         <executable>true</executable>
         <run_address>0x258c</run_address>
         <size>0x192</size>
         <alignment>0x4</alignment>
         <input_file_ref idref="fl-bd"/>
      </object_component>
      <object_component id="oc-21c">
         <name>.text.__aeabi_idiv0</name>
         <load_address>0x271e</load_address>
         <readonly>true</readonly>
         <executable>true</executable>
         <run_address>0x271e</run_address>
         <size>0x2</size>
         <alignment>0x2</alignment>
         <input_file_ref idref="fl-d6"/>
      </object_component>
      <object_component id="oc-c0">
         <name>.text.FFT_Count</name>
         <load_address>0x2720</load_address>
         <readonly>true</readonly>
         <executable>true</executable>
         <run_address>0x2720</run_address>
         <size>0x16c</size>
         <alignment>0x4</alignment>
         <input_file_ref idref="fl-4"/>
      </object_component>
      <object_component id="oc-1cb">
         <name>.text.arm_bitreversal_32</name>
         <load_address>0x288c</load_address>
         <readonly>true</readonly>
         <executable>true</executable>
         <run_address>0x288c</run_address>
         <size>0x134</size>
         <alignment>0x2</alignment>
         <input_file_ref idref="fl-1a"/>
      </object_component>
      <object_component id="oc-150">
         <name>.text.__divdf3</name>
         <load_address>0x29c0</load_address>
         <readonly>true</readonly>
         <executable>true</executable>
         <run_address>0x29c0</run_address>
         <size>0x10c</size>
         <alignment>0x4</alignment>
         <input_file_ref idref="fl-c2"/>
      </object_component>
      <object_component id="oc-192">
         <name>.text.DL_Timer_initTimerMode</name>
         <load_address>0x2acc</load_address>
         <readonly>true</readonly>
         <executable>true</executable>
         <run_address>0x2acc</run_address>
         <size>0xe8</size>
         <alignment>0x4</alignment>
         <input_file_ref idref="fl-1e"/>
      </object_component>
      <object_component id="oc-61">
         <name>.text.__muldf3</name>
         <load_address>0x2bb4</load_address>
         <readonly>true</readonly>
         <executable>true</executable>
         <run_address>0x2bb4</run_address>
         <size>0xe4</size>
         <alignment>0x4</alignment>
         <input_file_ref idref="fl-be"/>
      </object_component>
      <object_component id="oc-183">
         <name>.text.DL_SYSCTL_configSYSPLL</name>
         <load_address>0x2c98</load_address>
         <readonly>true</readonly>
         <executable>true</executable>
         <run_address>0x2c98</run_address>
         <size>0xdc</size>
         <alignment>0x4</alignment>
         <input_file_ref idref="fl-20"/>
      </object_component>
      <object_component id="oc-ac">
         <name>.text</name>
         <load_address>0x2d74</load_address>
         <readonly>true</readonly>
         <executable>true</executable>
         <run_address>0x2d74</run_address>
         <size>0xd8</size>
         <alignment>0x4</alignment>
         <input_file_ref idref="fl-bc"/>
      </object_component>
      <object_component id="oc-34">
         <name>.text.ADC0_IRQHandler</name>
         <load_address>0x2e4c</load_address>
         <readonly>true</readonly>
         <executable>true</executable>
         <run_address>0x2e4c</run_address>
         <size>0xc4</size>
         <alignment>0x4</alignment>
         <input_file_ref idref="fl-1"/>
      </object_component>
      <object_component id="oc-bc">
         <name>.text.sqrtf</name>
         <load_address>0x2f10</load_address>
         <readonly>true</readonly>
         <executable>true</executable>
         <run_address>0x2f10</run_address>
         <size>0xa8</size>
         <alignment>0x4</alignment>
         <input_file_ref idref="fl-31"/>
      </object_component>
      <object_component id="oc-12a">
         <name>.text.SYSCFG_DL_ADC12_1_init</name>
         <load_address>0x2fb8</load_address>
         <readonly>true</readonly>
         <executable>true</executable>
         <run_address>0x2fb8</run_address>
         <size>0xa4</size>
         <alignment>0x4</alignment>
         <input_file_ref idref="fl-2"/>
      </object_component>
      <object_component id="oc-12b">
         <name>.text.SYSCFG_DL_ADC12_0_init</name>
         <load_address>0x305c</load_address>
         <readonly>true</readonly>
         <executable>true</executable>
         <run_address>0x305c</run_address>
         <size>0x98</size>
         <alignment>0x4</alignment>
         <input_file_ref idref="fl-2"/>
      </object_component>
      <object_component id="oc-b4">
         <name>.text.__mulsf3</name>
         <load_address>0x30f4</load_address>
         <readonly>true</readonly>
         <executable>true</executable>
         <run_address>0x30f4</run_address>
         <size>0x8c</size>
         <alignment>0x4</alignment>
         <input_file_ref idref="fl-c0"/>
      </object_component>
      <object_component id="oc-1b6">
         <name>.text.__NVIC_SetPriority</name>
         <load_address>0x3180</load_address>
         <readonly>true</readonly>
         <executable>true</executable>
         <run_address>0x3180</run_address>
         <size>0x84</size>
         <alignment>0x4</alignment>
         <input_file_ref idref="fl-2"/>
      </object_component>
      <object_component id="oc-b0">
         <name>.text.__divsf3</name>
         <load_address>0x3204</load_address>
         <readonly>true</readonly>
         <executable>true</executable>
         <run_address>0x3204</run_address>
         <size>0x82</size>
         <alignment>0x4</alignment>
         <input_file_ref idref="fl-c1"/>
      </object_component>
      <object_component id="oc-1f7">
         <name>.text._nop</name>
         <load_address>0x3286</load_address>
         <readonly>true</readonly>
         <executable>true</executable>
         <run_address>0x3286</run_address>
         <size>0x2</size>
         <alignment>0x2</alignment>
         <input_file_ref idref="fl-37"/>
      </object_component>
      <object_component id="oc-125">
         <name>.text.SYSCFG_DL_initPower</name>
         <load_address>0x3288</load_address>
         <readonly>true</readonly>
         <executable>true</executable>
         <run_address>0x3288</run_address>
         <size>0x78</size>
         <alignment>0x4</alignment>
         <input_file_ref idref="fl-2"/>
      </object_component>
      <object_component id="oc-cd">
         <name>.text.kalmanFilter</name>
         <load_address>0x3300</load_address>
         <readonly>true</readonly>
         <executable>true</executable>
         <run_address>0x3300</run_address>
         <size>0x78</size>
         <alignment>0x2</alignment>
         <input_file_ref idref="fl-1"/>
      </object_component>
      <object_component id="oc-1c">
         <name>.text:decompress:lzss</name>
         <load_address>0x3378</load_address>
         <readonly>true</readonly>
         <executable>true</executable>
         <run_address>0x3378</run_address>
         <size>0x78</size>
         <alignment>0x4</alignment>
         <input_file_ref idref="fl-46"/>
      </object_component>
      <object_component id="oc-d2">
         <name>.text.__truncdfsf2</name>
         <load_address>0x33f0</load_address>
         <readonly>true</readonly>
         <executable>true</executable>
         <run_address>0x33f0</run_address>
         <size>0x74</size>
         <alignment>0x10</alignment>
         <input_file_ref idref="fl-ca"/>
      </object_component>
      <object_component id="oc-267">
         <name>.text.__gedf2</name>
         <load_address>0x3464</load_address>
         <readonly>true</readonly>
         <executable>true</executable>
         <run_address>0x3464</run_address>
         <size>0x70</size>
         <alignment>0x4</alignment>
         <input_file_ref idref="fl-d5"/>
      </object_component>
      <object_component id="oc-261">
         <name>.text.__ledf2</name>
         <load_address>0x34d4</load_address>
         <readonly>true</readonly>
         <executable>true</executable>
         <run_address>0x34d4</run_address>
         <size>0x6c</size>
         <alignment>0x4</alignment>
         <input_file_ref idref="fl-d5"/>
      </object_component>
      <object_component id="oc-229">
         <name>.text.__aeabi_dcmp</name>
         <load_address>0x3540</load_address>
         <readonly>true</readonly>
         <executable>true</executable>
         <run_address>0x3540</run_address>
         <size>0x62</size>
         <alignment>0x4</alignment>
         <input_file_ref idref="fl-cb"/>
      </object_component>
      <object_component id="oc-b8">
         <name>.text.__aeabi_fcmp</name>
         <load_address>0x35a4</load_address>
         <readonly>true</readonly>
         <executable>true</executable>
         <run_address>0x35a4</run_address>
         <size>0x62</size>
         <alignment>0x4</alignment>
         <input_file_ref idref="fl-cc"/>
      </object_component>
      <object_component id="oc-da">
         <name>.text.printf</name>
         <load_address>0x3608</load_address>
         <readonly>true</readonly>
         <executable>true</executable>
         <run_address>0x3608</run_address>
         <size>0x5c</size>
         <alignment>0x4</alignment>
         <input_file_ref idref="fl-2f"/>
      </object_component>
      <object_component id="oc-128">
         <name>.text.SYSCFG_DL_TIMER_0_init</name>
         <load_address>0x3664</load_address>
         <readonly>true</readonly>
         <executable>true</executable>
         <run_address>0x3664</run_address>
         <size>0x58</size>
         <alignment>0x4</alignment>
         <input_file_ref idref="fl-2"/>
      </object_component>
      <object_component id="oc-200">
         <name>.text.fputs</name>
         <load_address>0x36bc</load_address>
         <readonly>true</readonly>
         <executable>true</executable>
         <run_address>0x36bc</run_address>
         <size>0x50</size>
         <alignment>0x4</alignment>
         <input_file_ref idref="fl-6"/>
      </object_component>
      <object_component id="oc-1ab">
         <name>.text.DL_ADC12_initSingleSample</name>
         <load_address>0x370c</load_address>
         <readonly>true</readonly>
         <executable>true</executable>
         <run_address>0x370c</run_address>
         <size>0x4c</size>
         <alignment>0x4</alignment>
         <input_file_ref idref="fl-2"/>
      </object_component>
      <object_component id="oc-216">
         <name>.text.DL_DMA_initChannel</name>
         <load_address>0x3758</load_address>
         <readonly>true</readonly>
         <executable>true</executable>
         <run_address>0x3758</run_address>
         <size>0x4c</size>
         <alignment>0x4</alignment>
         <input_file_ref idref="fl-1d"/>
      </object_component>
      <object_component id="oc-1a0">
         <name>.text.DL_UART_setBaudRateDivisor</name>
         <load_address>0x37a4</load_address>
         <readonly>true</readonly>
         <executable>true</executable>
         <run_address>0x37a4</run_address>
         <size>0x4c</size>
         <alignment>0x4</alignment>
         <input_file_ref idref="fl-2"/>
      </object_component>
      <object_component id="oc-1ac">
         <name>.text.DL_ADC12_configConversionMem</name>
         <load_address>0x37f0</load_address>
         <readonly>true</readonly>
         <executable>true</executable>
         <run_address>0x37f0</run_address>
         <size>0x4a</size>
         <alignment>0x2</alignment>
         <input_file_ref idref="fl-2"/>
      </object_component>
      <object_component id="oc-65">
         <name>.text.__fixdfsi</name>
         <load_address>0x383c</load_address>
         <readonly>true</readonly>
         <executable>true</executable>
         <run_address>0x383c</run_address>
         <size>0x4a</size>
         <alignment>0x4</alignment>
         <input_file_ref idref="fl-c4"/>
      </object_component>
      <object_component id="oc-19e">
         <name>.text.DL_UART_init</name>
         <load_address>0x3888</load_address>
         <readonly>true</readonly>
         <executable>true</executable>
         <run_address>0x3888</run_address>
         <size>0x48</size>
         <alignment>0x4</alignment>
         <input_file_ref idref="fl-1f"/>
      </object_component>
      <object_component id="oc-129">
         <name>.text.SYSCFG_DL_UART_0_init</name>
         <load_address>0x38d0</load_address>
         <readonly>true</readonly>
         <executable>true</executable>
         <run_address>0x38d0</run_address>
         <size>0x48</size>
         <alignment>0x4</alignment>
         <input_file_ref idref="fl-2"/>
      </object_component>
      <object_component id="oc-18a">
         <name>.text.DL_SYSCTL_switchMCLKfromSYSOSCtoHSCLK</name>
         <load_address>0x3918</load_address>
         <readonly>true</readonly>
         <executable>true</executable>
         <run_address>0x3918</run_address>
         <size>0x44</size>
         <alignment>0x4</alignment>
         <input_file_ref idref="fl-20"/>
      </object_component>
      <object_component id="oc-1a5">
         <name>.text.DL_ADC12_setClockConfig</name>
         <load_address>0x395c</load_address>
         <readonly>true</readonly>
         <executable>true</executable>
         <run_address>0x395c</run_address>
         <size>0x40</size>
         <alignment>0x4</alignment>
         <input_file_ref idref="fl-1b"/>
      </object_component>
      <object_component id="oc-1c1">
         <name>.text.__aeabi_uidivmod</name>
         <load_address>0x399c</load_address>
         <readonly>true</readonly>
         <executable>true</executable>
         <run_address>0x399c</run_address>
         <size>0x40</size>
         <alignment>0x4</alignment>
         <input_file_ref idref="fl-d0"/>
      </object_component>
      <object_component id="oc-ce">
         <name>.text.__extendsfdf2</name>
         <load_address>0x39dc</load_address>
         <readonly>true</readonly>
         <executable>true</executable>
         <run_address>0x39dc</run_address>
         <size>0x40</size>
         <alignment>0x4</alignment>
         <input_file_ref idref="fl-c3"/>
      </object_component>
      <object_component id="oc-127">
         <name>.text.SYSCFG_DL_SYSCTL_init</name>
         <load_address>0x3a1c</load_address>
         <readonly>true</readonly>
         <executable>true</executable>
         <run_address>0x3a1c</run_address>
         <size>0x3c</size>
         <alignment>0x4</alignment>
         <input_file_ref idref="fl-2"/>
      </object_component>
      <object_component id="oc-a8">
         <name>.text.__floatsisf</name>
         <load_address>0x3a58</load_address>
         <readonly>true</readonly>
         <executable>true</executable>
         <run_address>0x3a58</run_address>
         <size>0x3c</size>
         <alignment>0x4</alignment>
         <input_file_ref idref="fl-c7"/>
      </object_component>
      <object_component id="oc-138">
         <name>.text.__gtsf2</name>
         <load_address>0x3a94</load_address>
         <readonly>true</readonly>
         <executable>true</executable>
         <run_address>0x3a94</run_address>
         <size>0x3c</size>
         <alignment>0x4</alignment>
         <input_file_ref idref="fl-d2"/>
      </object_component>
      <object_component id="oc-10b">
         <name>.text:__TI_auto_init_nobinit_nopinit</name>
         <load_address>0x3ad0</load_address>
         <readonly>true</readonly>
         <executable>true</executable>
         <run_address>0x3ad0</run_address>
         <size>0x3c</size>
         <alignment>0x4</alignment>
         <input_file_ref idref="fl-41"/>
      </object_component>
      <object_component id="oc-133">
         <name>.text.__eqsf2</name>
         <load_address>0x3b0c</load_address>
         <readonly>true</readonly>
         <executable>true</executable>
         <run_address>0x3b0c</run_address>
         <size>0x3a</size>
         <alignment>0x4</alignment>
         <input_file_ref idref="fl-d2"/>
      </object_component>
      <object_component id="oc-8c">
         <name>.text.__muldsi3</name>
         <load_address>0x3b48</load_address>
         <readonly>true</readonly>
         <executable>true</executable>
         <run_address>0x3b48</run_address>
         <size>0x3a</size>
         <alignment>0x4</alignment>
         <input_file_ref idref="fl-bf"/>
      </object_component>
      <object_component id="oc-195">
         <name>.text.DL_Timer_setPublisherChanID</name>
         <load_address>0x3b84</load_address>
         <readonly>true</readonly>
         <executable>true</executable>
         <run_address>0x3b84</run_address>
         <size>0x38</size>
         <alignment>0x4</alignment>
         <input_file_ref idref="fl-2"/>
      </object_component>
      <object_component id="oc-d6">
         <name>.text.__fixsfsi</name>
         <load_address>0x3bbc</load_address>
         <readonly>true</readonly>
         <executable>true</executable>
         <run_address>0x3bbc</run_address>
         <size>0x38</size>
         <alignment>0x4</alignment>
         <input_file_ref idref="fl-c5"/>
      </object_component>
      <object_component id="oc-215">
         <name>.text.DL_DMA_setTransferSize</name>
         <load_address>0x3bf4</load_address>
         <readonly>true</readonly>
         <executable>true</executable>
         <run_address>0x3bf4</run_address>
         <size>0x30</size>
         <alignment>0x4</alignment>
         <input_file_ref idref="fl-2"/>
      </object_component>
      <object_component id="oc-1b1">
         <name>.text.DL_ADC12_setDMASamplesCnt</name>
         <load_address>0x3c24</load_address>
         <readonly>true</readonly>
         <executable>true</executable>
         <run_address>0x3c24</run_address>
         <size>0x2c</size>
         <alignment>0x4</alignment>
         <input_file_ref idref="fl-2"/>
      </object_component>
      <object_component id="oc-1bb">
         <name>.text.SYSCFG_DL_DMA_CH0_init</name>
         <load_address>0x3c50</load_address>
         <readonly>true</readonly>
         <executable>true</executable>
         <run_address>0x3c50</run_address>
         <size>0x2c</size>
         <alignment>0x4</alignment>
         <input_file_ref idref="fl-2"/>
      </object_component>
      <object_component id="oc-a5">
         <name>.text.__NVIC_EnableIRQ</name>
         <load_address>0x3c7c</load_address>
         <readonly>true</readonly>
         <executable>true</executable>
         <run_address>0x3c7c</run_address>
         <size>0x2c</size>
         <alignment>0x4</alignment>
         <input_file_ref idref="fl-1"/>
      </object_component>
      <object_component id="oc-5d">
         <name>.text.__floatsidf</name>
         <load_address>0x3ca8</load_address>
         <readonly>true</readonly>
         <executable>true</executable>
         <run_address>0x3ca8</run_address>
         <size>0x2c</size>
         <alignment>0x4</alignment>
         <input_file_ref idref="fl-c6"/>
      </object_component>
      <object_component id="oc-20c">
         <name>.text.DL_Common_updateReg</name>
         <load_address>0x3cd4</load_address>
         <readonly>true</readonly>
         <executable>true</executable>
         <run_address>0x3cd4</run_address>
         <size>0x28</size>
         <alignment>0x2</alignment>
         <input_file_ref idref="fl-2"/>
      </object_component>
      <object_component id="oc-a3">
         <name>.text.DL_DMA_setDestAddr</name>
         <load_address>0x3cfc</load_address>
         <readonly>true</readonly>
         <executable>true</executable>
         <run_address>0x3cfc</run_address>
         <size>0x28</size>
         <alignment>0x4</alignment>
         <input_file_ref idref="fl-1"/>
      </object_component>
      <object_component id="oc-a2">
         <name>.text.DL_DMA_setSrcAddr</name>
         <load_address>0x3d24</load_address>
         <readonly>true</readonly>
         <executable>true</executable>
         <run_address>0x3d24</run_address>
         <size>0x28</size>
         <alignment>0x4</alignment>
         <input_file_ref idref="fl-1"/>
      </object_component>
      <object_component id="oc-194">
         <name>.text.DL_Timer_enableEvent</name>
         <load_address>0x3d4c</load_address>
         <readonly>true</readonly>
         <executable>true</executable>
         <run_address>0x3d4c</run_address>
         <size>0x28</size>
         <alignment>0x4</alignment>
         <input_file_ref idref="fl-2"/>
      </object_component>
      <object_component id="oc-1ba">
         <name>.text.SYSCFG_DL_DMA_CH1_init</name>
         <load_address>0x3d74</load_address>
         <readonly>true</readonly>
         <executable>true</executable>
         <run_address>0x3d74</run_address>
         <size>0x28</size>
         <alignment>0x4</alignment>
         <input_file_ref idref="fl-2"/>
      </object_component>
      <object_component id="oc-39">
         <name>.text.UART0_IRQHandler</name>
         <load_address>0x3d9c</load_address>
         <readonly>true</readonly>
         <executable>true</executable>
         <run_address>0x3d9c</run_address>
         <size>0x28</size>
         <alignment>0x4</alignment>
         <input_file_ref idref="fl-1"/>
      </object_component>
      <object_component id="oc-1d1">
         <name>.text.__floatunsisf</name>
         <load_address>0x3dc4</load_address>
         <readonly>true</readonly>
         <executable>true</executable>
         <run_address>0x3dc4</run_address>
         <size>0x28</size>
         <alignment>0x4</alignment>
         <input_file_ref idref="fl-c8"/>
      </object_component>
      <object_component id="oc-55">
         <name>.text:_c_int00_noargs</name>
         <load_address>0x3dec</load_address>
         <readonly>true</readonly>
         <executable>true</executable>
         <run_address>0x3dec</run_address>
         <size>0x28</size>
         <alignment>0x4</alignment>
         <input_file_ref idref="fl-3f"/>
      </object_component>
      <object_component id="oc-a4">
         <name>.text.DL_DMA_enableChannel</name>
         <load_address>0x3e14</load_address>
         <readonly>true</readonly>
         <executable>true</executable>
         <run_address>0x3e14</run_address>
         <size>0x26</size>
         <alignment>0x2</alignment>
         <input_file_ref idref="fl-1"/>
      </object_component>
      <object_component id="oc-9c">
         <name>.text.SYSCFG_DL_init</name>
         <load_address>0x3e3a</load_address>
         <readonly>true</readonly>
         <executable>true</executable>
         <run_address>0x3e3a</run_address>
         <size>0x24</size>
         <alignment>0x2</alignment>
         <input_file_ref idref="fl-2"/>
      </object_component>
      <object_component id="oc-238">
         <name>.text.memccpy</name>
         <load_address>0x3e5e</load_address>
         <readonly>true</readonly>
         <executable>true</executable>
         <run_address>0x3e5e</run_address>
         <size>0x22</size>
         <alignment>0x2</alignment>
         <input_file_ref idref="fl-3c"/>
      </object_component>
      <object_component id="oc-17d">
         <name>.text.DL_GPIO_initPeripheralInputFunction</name>
         <load_address>0x3e80</load_address>
         <readonly>true</readonly>
         <executable>true</executable>
         <run_address>0x3e80</run_address>
         <size>0x20</size>
         <alignment>0x4</alignment>
         <input_file_ref idref="fl-2"/>
      </object_component>
      <object_component id="oc-17f">
         <name>.text.DL_SYSCTL_setFlashWaitState</name>
         <load_address>0x3ea0</load_address>
         <readonly>true</readonly>
         <executable>true</executable>
         <run_address>0x3ea0</run_address>
         <size>0x20</size>
         <alignment>0x4</alignment>
         <input_file_ref idref="fl-2"/>
      </object_component>
      <object_component id="oc-258">
         <name>.text.DL_UART_transmitDataBlocking</name>
         <load_address>0x3ec0</load_address>
         <readonly>true</readonly>
         <executable>true</executable>
         <run_address>0x3ec0</run_address>
         <size>0x20</size>
         <alignment>0x4</alignment>
         <input_file_ref idref="fl-1f"/>
      </object_component>
      <object_component id="oc-1ae">
         <name>.text.DL_ADC12_setPowerDownMode</name>
         <load_address>0x3ee0</load_address>
         <readonly>true</readonly>
         <executable>true</executable>
         <run_address>0x3ee0</run_address>
         <size>0x1e</size>
         <alignment>0x2</alignment>
         <input_file_ref idref="fl-2"/>
      </object_component>
      <object_component id="oc-19f">
         <name>.text.DL_UART_setOversampling</name>
         <load_address>0x3efe</load_address>
         <readonly>true</readonly>
         <executable>true</executable>
         <run_address>0x3efe</run_address>
         <size>0x1e</size>
         <alignment>0x2</alignment>
         <input_file_ref idref="fl-2"/>
      </object_component>
      <object_component id="oc-1b4">
         <name>.text.DL_ADC12_clearInterruptStatus</name>
         <load_address>0x3f1c</load_address>
         <readonly>true</readonly>
         <executable>true</executable>
         <run_address>0x3f1c</run_address>
         <size>0x1c</size>
         <alignment>0x4</alignment>
         <input_file_ref idref="fl-2"/>
      </object_component>
      <object_component id="oc-1b0">
         <name>.text.DL_ADC12_enableDMA</name>
         <load_address>0x3f38</load_address>
         <readonly>true</readonly>
         <executable>true</executable>
         <run_address>0x3f38</run_address>
         <size>0x1c</size>
         <alignment>0x4</alignment>
         <input_file_ref idref="fl-2"/>
      </object_component>
      <object_component id="oc-1b2">
         <name>.text.DL_ADC12_enableDMATrigger</name>
         <load_address>0x3f54</load_address>
         <readonly>true</readonly>
         <executable>true</executable>
         <run_address>0x3f54</run_address>
         <size>0x1c</size>
         <alignment>0x4</alignment>
         <input_file_ref idref="fl-2"/>
      </object_component>
      <object_component id="oc-1ad">
         <name>.text.DL_ADC12_enableFIFO</name>
         <load_address>0x3f70</load_address>
         <readonly>true</readonly>
         <executable>true</executable>
         <run_address>0x3f70</run_address>
         <size>0x1c</size>
         <alignment>0x4</alignment>
         <input_file_ref idref="fl-2"/>
      </object_component>
      <object_component id="oc-1b5">
         <name>.text.DL_ADC12_enableInterrupt</name>
         <load_address>0x3f8c</load_address>
         <readonly>true</readonly>
         <executable>true</executable>
         <run_address>0x3f8c</run_address>
         <size>0x1c</size>
         <alignment>0x4</alignment>
         <input_file_ref idref="fl-2"/>
      </object_component>
      <object_component id="oc-17c">
         <name>.text.DL_GPIO_initPeripheralOutputFunction</name>
         <load_address>0x3fa8</load_address>
         <readonly>true</readonly>
         <executable>true</executable>
         <run_address>0x3fa8</run_address>
         <size>0x1c</size>
         <alignment>0x4</alignment>
         <input_file_ref idref="fl-2"/>
      </object_component>
      <object_component id="oc-180">
         <name>.text.DL_SYSCTL_setSYSOSCFreq</name>
         <load_address>0x3fc4</load_address>
         <readonly>true</readonly>
         <executable>true</executable>
         <run_address>0x3fc4</run_address>
         <size>0x1c</size>
         <alignment>0x4</alignment>
         <input_file_ref idref="fl-2"/>
      </object_component>
      <object_component id="oc-189">
         <name>.text.DL_SYSCTL_setULPCLKDivider</name>
         <load_address>0x3fe0</load_address>
         <readonly>true</readonly>
         <executable>true</executable>
         <run_address>0x3fe0</run_address>
         <size>0x1c</size>
         <alignment>0x4</alignment>
         <input_file_ref idref="fl-2"/>
      </object_component>
      <object_component id="oc-18c">
         <name>.text.DL_Timer_setClockConfig</name>
         <load_address>0x3ffc</load_address>
         <readonly>true</readonly>
         <executable>true</executable>
         <run_address>0x3ffc</run_address>
         <size>0x1c</size>
         <alignment>0x4</alignment>
         <input_file_ref idref="fl-1e"/>
      </object_component>
      <object_component id="oc-1a1">
         <name>.text.DL_UART_enableInterrupt</name>
         <load_address>0x4018</load_address>
         <readonly>true</readonly>
         <executable>true</executable>
         <run_address>0x4018</run_address>
         <size>0x1c</size>
         <alignment>0x4</alignment>
         <input_file_ref idref="fl-2"/>
      </object_component>
      <object_component id="oc-205">
         <name>.text.fputc</name>
         <load_address>0x4034</load_address>
         <readonly>true</readonly>
         <executable>true</executable>
         <run_address>0x4034</run_address>
         <size>0x1c</size>
         <alignment>0x4</alignment>
         <input_file_ref idref="fl-6"/>
      </object_component>
      <object_component id="oc-1b3">
         <name>.text.DL_ADC12_setSubscriberChanID</name>
         <load_address>0x4050</load_address>
         <readonly>true</readonly>
         <executable>true</executable>
         <run_address>0x4050</run_address>
         <size>0x1a</size>
         <alignment>0x2</alignment>
         <input_file_ref idref="fl-2"/>
      </object_component>
      <object_component id="oc-126">
         <name>.text.SYSCFG_DL_GPIO_init</name>
         <load_address>0x406a</load_address>
         <readonly>true</readonly>
         <executable>true</executable>
         <run_address>0x406a</run_address>
         <size>0x1a</size>
         <alignment>0x2</alignment>
         <input_file_ref idref="fl-2"/>
      </object_component>
      <object_component id="oc-177">
         <name>.text.DL_ADC12_enablePower</name>
         <load_address>0x4084</load_address>
         <readonly>true</readonly>
         <executable>true</executable>
         <run_address>0x4084</run_address>
         <size>0x18</size>
         <alignment>0x4</alignment>
         <input_file_ref idref="fl-2"/>
      </object_component>
      <object_component id="oc-173">
         <name>.text.DL_ADC12_reset</name>
         <load_address>0x409c</load_address>
         <readonly>true</readonly>
         <executable>true</executable>
         <run_address>0x409c</run_address>
         <size>0x18</size>
         <alignment>0x4</alignment>
         <input_file_ref idref="fl-2"/>
      </object_component>
      <object_component id="oc-1af">
         <name>.text.DL_ADC12_setSampleTime0</name>
         <load_address>0x40b4</load_address>
         <readonly>true</readonly>
         <executable>true</executable>
         <run_address>0x40b4</run_address>
         <size>0x18</size>
         <alignment>0x4</alignment>
         <input_file_ref idref="fl-2"/>
      </object_component>
      <object_component id="oc-174">
         <name>.text.DL_GPIO_enablePower</name>
         <load_address>0x40cc</load_address>
         <readonly>true</readonly>
         <executable>true</executable>
         <run_address>0x40cc</run_address>
         <size>0x18</size>
         <alignment>0x4</alignment>
         <input_file_ref idref="fl-2"/>
      </object_component>
      <object_component id="oc-170">
         <name>.text.DL_GPIO_reset</name>
         <load_address>0x40e4</load_address>
         <readonly>true</readonly>
         <executable>true</executable>
         <run_address>0x40e4</run_address>
         <size>0x18</size>
         <alignment>0x4</alignment>
         <input_file_ref idref="fl-2"/>
      </object_component>
      <object_component id="oc-17e">
         <name>.text.DL_SYSCTL_setBORThreshold</name>
         <load_address>0x40fc</load_address>
         <readonly>true</readonly>
         <executable>true</executable>
         <run_address>0x40fc</run_address>
         <size>0x18</size>
         <alignment>0x4</alignment>
         <input_file_ref idref="fl-2"/>
      </object_component>
      <object_component id="oc-175">
         <name>.text.DL_Timer_enablePower</name>
         <load_address>0x4114</load_address>
         <readonly>true</readonly>
         <executable>true</executable>
         <run_address>0x4114</run_address>
         <size>0x18</size>
         <alignment>0x4</alignment>
         <input_file_ref idref="fl-2"/>
      </object_component>
      <object_component id="oc-171">
         <name>.text.DL_Timer_reset</name>
         <load_address>0x412c</load_address>
         <readonly>true</readonly>
         <executable>true</executable>
         <run_address>0x412c</run_address>
         <size>0x18</size>
         <alignment>0x4</alignment>
         <input_file_ref idref="fl-2"/>
      </object_component>
      <object_component id="oc-a6">
         <name>.text.DL_Timer_startCounter</name>
         <load_address>0x4144</load_address>
         <readonly>true</readonly>
         <executable>true</executable>
         <run_address>0x4144</run_address>
         <size>0x18</size>
         <alignment>0x4</alignment>
         <input_file_ref idref="fl-1"/>
      </object_component>
      <object_component id="oc-a7">
         <name>.text.DL_Timer_stopCounter</name>
         <load_address>0x415c</load_address>
         <readonly>true</readonly>
         <executable>true</executable>
         <run_address>0x415c</run_address>
         <size>0x18</size>
         <alignment>0x4</alignment>
         <input_file_ref idref="fl-1"/>
      </object_component>
      <object_component id="oc-176">
         <name>.text.DL_UART_enablePower</name>
         <load_address>0x4174</load_address>
         <readonly>true</readonly>
         <executable>true</executable>
         <run_address>0x4174</run_address>
         <size>0x18</size>
         <alignment>0x4</alignment>
         <input_file_ref idref="fl-2"/>
      </object_component>
      <object_component id="oc-172">
         <name>.text.DL_UART_reset</name>
         <load_address>0x418c</load_address>
         <readonly>true</readonly>
         <executable>true</executable>
         <run_address>0x418c</run_address>
         <size>0x18</size>
         <alignment>0x4</alignment>
         <input_file_ref idref="fl-2"/>
      </object_component>
      <object_component id="oc-1b7">
         <name>.text.DL_ADC12_enableConversions</name>
         <load_address>0x41a4</load_address>
         <readonly>true</readonly>
         <executable>true</executable>
         <run_address>0x41a4</run_address>
         <size>0x16</size>
         <alignment>0x2</alignment>
         <input_file_ref idref="fl-2"/>
      </object_component>
      <object_component id="oc-1a2">
         <name>.text.DL_UART_enable</name>
         <load_address>0x41ba</load_address>
         <readonly>true</readonly>
         <executable>true</executable>
         <run_address>0x41ba</run_address>
         <size>0x16</size>
         <alignment>0x2</alignment>
         <input_file_ref idref="fl-2"/>
      </object_component>
      <object_component id="oc-a1">
         <name>.text.DL_ADC12_getFIFOAddress</name>
         <load_address>0x41d0</load_address>
         <readonly>true</readonly>
         <executable>true</executable>
         <run_address>0x41d0</run_address>
         <size>0x14</size>
         <alignment>0x4</alignment>
         <input_file_ref idref="fl-1"/>
      </object_component>
      <object_component id="oc-182">
         <name>.text.DL_SYSCTL_disableSYSPLL</name>
         <load_address>0x41e4</load_address>
         <readonly>true</readonly>
         <executable>true</executable>
         <run_address>0x41e4</run_address>
         <size>0x14</size>
         <alignment>0x4</alignment>
         <input_file_ref idref="fl-2"/>
      </object_component>
      <object_component id="oc-193">
         <name>.text.DL_Timer_enableClock</name>
         <load_address>0x41f8</load_address>
         <readonly>true</readonly>
         <executable>true</executable>
         <run_address>0x41f8</run_address>
         <size>0x14</size>
         <alignment>0x4</alignment>
         <input_file_ref idref="fl-2"/>
      </object_component>
      <object_component id="oc-71">
         <name>.text.DL_UART_receiveData</name>
         <load_address>0x420c</load_address>
         <readonly>true</readonly>
         <executable>true</executable>
         <run_address>0x420c</run_address>
         <size>0x14</size>
         <alignment>0x4</alignment>
         <input_file_ref idref="fl-1"/>
      </object_component>
      <object_component id="oc-5c">
         <name>.text.DL_ADC12_getPendingInterrupt</name>
         <load_address>0x4220</load_address>
         <readonly>true</readonly>
         <executable>true</executable>
         <run_address>0x4220</run_address>
         <size>0x12</size>
         <alignment>0x2</alignment>
         <input_file_ref idref="fl-1"/>
      </object_component>
      <object_component id="oc-70">
         <name>.text.DL_UART_getPendingInterrupt</name>
         <load_address>0x4232</load_address>
         <readonly>true</readonly>
         <executable>true</executable>
         <run_address>0x4232</run_address>
         <size>0x12</size>
         <alignment>0x2</alignment>
         <input_file_ref idref="fl-1"/>
      </object_component>
      <object_component id="oc-198">
         <name>.text.DL_UART_setClockConfig</name>
         <load_address>0x4244</load_address>
         <readonly>true</readonly>
         <executable>true</executable>
         <run_address>0x4244</run_address>
         <size>0x12</size>
         <alignment>0x2</alignment>
         <input_file_ref idref="fl-1f"/>
      </object_component>
      <object_component id="oc-92">
         <name>.text:TI_memcpy_small</name>
         <load_address>0x4256</load_address>
         <readonly>true</readonly>
         <executable>true</executable>
         <run_address>0x4256</run_address>
         <size>0x12</size>
         <alignment>0x1</alignment>
         <input_file_ref idref="fl-d7"/>
      </object_component>
      <object_component id="oc-20">
         <name>.text:decompress:none</name>
         <load_address>0x4268</load_address>
         <readonly>true</readonly>
         <executable>true</executable>
         <run_address>0x4268</run_address>
         <size>0x12</size>
         <alignment>0x2</alignment>
         <input_file_ref idref="fl-45"/>
      </object_component>
      <object_component id="oc-181">
         <name>.text.DL_SYSCTL_disableHFXT</name>
         <load_address>0x427c</load_address>
         <readonly>true</readonly>
         <executable>true</executable>
         <run_address>0x427c</run_address>
         <size>0x10</size>
         <alignment>0x4</alignment>
         <input_file_ref idref="fl-2"/>
      </object_component>
      <object_component id="oc-52">
         <name>.text:decompress:ZI</name>
         <load_address>0x428c</load_address>
         <readonly>true</readonly>
         <executable>true</executable>
         <run_address>0x428c</run_address>
         <size>0x10</size>
         <alignment>0x2</alignment>
         <input_file_ref idref="fl-44"/>
      </object_component>
      <object_component id="oc-237">
         <name>.text.__aeabi_memset</name>
         <load_address>0x429c</load_address>
         <readonly>true</readonly>
         <executable>true</executable>
         <run_address>0x429c</run_address>
         <size>0xe</size>
         <alignment>0x4</alignment>
         <input_file_ref idref="fl-cf"/>
      </object_component>
      <object_component id="oc-236">
         <name>.text.strlen</name>
         <load_address>0x42aa</load_address>
         <readonly>true</readonly>
         <executable>true</executable>
         <run_address>0x42aa</run_address>
         <size>0xe</size>
         <alignment>0x2</alignment>
         <input_file_ref idref="fl-30"/>
      </object_component>
      <object_component id="oc-254">
         <name>.text.strlen</name>
         <load_address>0x42b8</load_address>
         <readonly>true</readonly>
         <executable>true</executable>
         <run_address>0x42b8</run_address>
         <size>0xe</size>
         <alignment>0x2</alignment>
         <input_file_ref idref="fl-3e"/>
      </object_component>
      <object_component id="oc-11f">
         <name>.text:TI_memset_small</name>
         <load_address>0x42c6</load_address>
         <readonly>true</readonly>
         <executable>true</executable>
         <run_address>0x42c6</run_address>
         <size>0xe</size>
         <alignment>0x1</alignment>
         <input_file_ref idref="fl-d8"/>
      </object_component>
      <object_component id="oc-12c">
         <name>.text.SYSCFG_DL_DMA_init</name>
         <load_address>0x42d4</load_address>
         <readonly>true</readonly>
         <executable>true</executable>
         <run_address>0x42d4</run_address>
         <size>0xc</size>
         <alignment>0x2</alignment>
         <input_file_ref idref="fl-2"/>
      </object_component>
      <object_component id="oc-77">
         <name>.text.__aeabi_memclr</name>
         <load_address>0x42e0</load_address>
         <readonly>true</readonly>
         <executable>true</executable>
         <run_address>0x42e0</run_address>
         <size>0xc</size>
         <alignment>0x4</alignment>
         <input_file_ref idref="fl-cf"/>
      </object_component>
      <object_component id="oc-178">
         <name>.text.DL_Common_delayCycles</name>
         <load_address>0x42ec</load_address>
         <readonly>true</readonly>
         <executable>true</executable>
         <run_address>0x42ec</run_address>
         <size>0xa</size>
         <alignment>0x2</alignment>
         <input_file_ref idref="fl-1c"/>
      </object_component>
      <object_component id="oc-22e">
         <name>.text.OUTLINED_FUNCTION_0</name>
         <load_address>0x42f6</load_address>
         <readonly>true</readonly>
         <executable>true</executable>
         <run_address>0x42f6</run_address>
         <size>0xa</size>
         <alignment>0x2</alignment>
         <input_file_ref idref="fl-33"/>
      </object_component>
      <object_component id="oc-2ed">
         <name>.tramp.__aeabi_dmul.1</name>
         <load_address>0x4300</load_address>
         <readonly>true</readonly>
         <executable>true</executable>
         <run_address>0x4300</run_address>
         <size>0x10</size>
         <alignment>0x4</alignment>
         <input_file_ref idref="fl-be"/>
      </object_component>
      <object_component id="oc-22f">
         <name>.text.OUTLINED_FUNCTION_2</name>
         <load_address>0x4310</load_address>
         <readonly>true</readonly>
         <executable>true</executable>
         <run_address>0x4310</run_address>
         <size>0x8</size>
         <alignment>0x2</alignment>
         <input_file_ref idref="fl-33"/>
      </object_component>
      <object_component id="oc-13a">
         <name>.text.__aeabi_errno_addr</name>
         <load_address>0x4318</load_address>
         <readonly>true</readonly>
         <executable>true</executable>
         <run_address>0x4318</run_address>
         <size>0x8</size>
         <alignment>0x4</alignment>
         <input_file_ref idref="fl-36"/>
      </object_component>
      <object_component id="oc-45">
         <name>.text.__aeabi_memcpy</name>
         <load_address>0x4320</load_address>
         <readonly>true</readonly>
         <executable>true</executable>
         <run_address>0x4320</run_address>
         <size>0x8</size>
         <alignment>0x4</alignment>
         <input_file_ref idref="fl-ce"/>
      </object_component>
      <object_component id="oc-162">
         <name>.text._outc</name>
         <load_address>0x4328</load_address>
         <readonly>true</readonly>
         <executable>true</executable>
         <run_address>0x4328</run_address>
         <size>0x8</size>
         <alignment>0x2</alignment>
         <input_file_ref idref="fl-2f"/>
      </object_component>
      <object_component id="oc-161">
         <name>.text._outs</name>
         <load_address>0x4330</load_address>
         <readonly>true</readonly>
         <executable>true</executable>
         <run_address>0x4330</run_address>
         <size>0x8</size>
         <alignment>0x2</alignment>
         <input_file_ref idref="fl-2f"/>
      </object_component>
      <object_component id="oc-22d">
         <name>.text.OUTLINED_FUNCTION_1</name>
         <load_address>0x4338</load_address>
         <readonly>true</readonly>
         <executable>true</executable>
         <run_address>0x4338</run_address>
         <size>0x6</size>
         <alignment>0x2</alignment>
         <input_file_ref idref="fl-33"/>
      </object_component>
      <object_component id="oc-2ee">
         <name>.tramp.__aeabi_dadd.1</name>
         <load_address>0x4340</load_address>
         <readonly>true</readonly>
         <executable>true</executable>
         <run_address>0x4340</run_address>
         <size>0x10</size>
         <alignment>0x4</alignment>
         <input_file_ref idref="fl-bd"/>
      </object_component>
      <object_component id="oc-33">
         <name>.text.Default_Handler</name>
         <load_address>0x4350</load_address>
         <readonly>true</readonly>
         <executable>true</executable>
         <run_address>0x4350</run_address>
         <size>0x4</size>
         <alignment>0x2</alignment>
         <input_file_ref idref="fl-3"/>
      </object_component>
      <object_component id="oc-2f">
         <name>.text.Reset_Handler</name>
         <load_address>0x4354</load_address>
         <readonly>true</readonly>
         <executable>true</executable>
         <run_address>0x4354</run_address>
         <size>0x4</size>
         <alignment>0x2</alignment>
         <input_file_ref idref="fl-3"/>
      </object_component>
      <object_component id="oc-7c">
         <name>.text._system_pre_init</name>
         <load_address>0x4358</load_address>
         <readonly>true</readonly>
         <executable>true</executable>
         <run_address>0x4358</run_address>
         <size>0x4</size>
         <alignment>0x2</alignment>
         <input_file_ref idref="fl-42"/>
      </object_component>
      <object_component id="oc-104">
         <name>.text:abort</name>
         <load_address>0x435c</load_address>
         <readonly>true</readonly>
         <executable>true</executable>
         <run_address>0x435c</run_address>
         <size>0x4</size>
         <alignment>0x2</alignment>
         <input_file_ref idref="fl-4b"/>
      </object_component>
      <object_component id="oc-2e9">
         <name>.cinit..data.load</name>
         <load_address>0x7318</load_address>
         <readonly>true</readonly>
         <run_address>0x7318</run_address>
         <size>0x3e</size>
         <alignment>0x1</alignment>
      </object_component>
      <object_component id="oc-2e7">
         <name>__TI_handler_table</name>
         <load_address>0x7358</load_address>
         <readonly>true</readonly>
         <run_address>0x7358</run_address>
         <size>0xc</size>
         <alignment>0x4</alignment>
      </object_component>
      <object_component id="oc-2ea">
         <name>.cinit..bss.load</name>
         <load_address>0x7364</load_address>
         <readonly>true</readonly>
         <run_address>0x7364</run_address>
         <size>0x8</size>
         <alignment>0x4</alignment>
      </object_component>
      <object_component id="oc-2e8">
         <name>__TI_cinit_table</name>
         <load_address>0x736c</load_address>
         <readonly>true</readonly>
         <run_address>0x736c</run_address>
         <size>0x10</size>
         <alignment>0x4</alignment>
      </object_component>
      <object_component id="oc-1e9">
         <name>.rodata.twiddleCoef_1024</name>
         <load_address>0x4360</load_address>
         <readonly>true</readonly>
         <run_address>0x4360</run_address>
         <size>0x2000</size>
         <alignment>0x4</alignment>
         <input_file_ref idref="fl-19"/>
      </object_component>
      <object_component id="oc-1eb">
         <name>.rodata.armBitRevIndexTable1024</name>
         <load_address>0x6360</load_address>
         <readonly>true</readonly>
         <run_address>0x6360</run_address>
         <size>0xe10</size>
         <alignment>0x2</alignment>
         <input_file_ref idref="fl-19"/>
      </object_component>
      <object_component id="oc-230">
         <name>.rodata.cst32</name>
         <load_address>0x7170</load_address>
         <readonly>true</readonly>
         <run_address>0x7170</run_address>
         <size>0x40</size>
         <alignment>0x8</alignment>
         <input_file_ref idref="fl-33"/>
      </object_component>
      <object_component id="oc-18b">
         <name>.rodata.gSYSPLLConfig</name>
         <load_address>0x71b0</load_address>
         <readonly>true</readonly>
         <run_address>0x71b0</run_address>
         <size>0x28</size>
         <alignment>0x4</alignment>
         <input_file_ref idref="fl-2"/>
      </object_component>
      <object_component id="oc-21b">
         <name>.rodata.gDMA_CH0Config</name>
         <load_address>0x71d8</load_address>
         <readonly>true</readonly>
         <run_address>0x71d8</run_address>
         <size>0x18</size>
         <alignment>0x4</alignment>
         <input_file_ref idref="fl-2"/>
      </object_component>
      <object_component id="oc-21a">
         <name>.rodata.gDMA_CH1Config</name>
         <load_address>0x71f0</load_address>
         <readonly>true</readonly>
         <run_address>0x71f0</run_address>
         <size>0x18</size>
         <alignment>0x4</alignment>
[...]
         <name>fputc</name>
         <value>0x4035</value>
         <object_component_ref idref="oc-205"/>
      </symbol>
      <symbol id="sm-1b4">
         <name>fputs</name>
         <value>0x36bd</value>
         <object_component_ref idref="oc-200"/>
      </symbol>
      <symbol id="sm-1b5">
         <name>__TI_ATRegion0_src_addr</name>
         <value>0x0</value>
      </symbol>
      <symbol id="sm-1b6">
         <name>__TI_ATRegion0_trg_addr</name>
         <value>0x0</value>
      </symbol>
      <symbol id="sm-1b7">
         <name>__TI_ATRegion0_region_sz</name>
         <value>0x0</value>
      </symbol>
      <symbol id="sm-1b8">
         <name>__TI_ATRegion1_src_addr</name>
         <value>0x0</value>
      </symbol>
      <symbol id="sm-1b9">
         <name>__TI_ATRegion1_trg_addr</name>
         <value>0x0</value>
      </symbol>
      <symbol id="sm-1ba">
         <name>__TI_ATRegion1_region_sz</name>
         <value>0x0</value>
      </symbol>
      <symbol id="sm-1bb">
         <name>__TI_ATRegion2_src_addr</name>
         <value>0x0</value>
      </symbol>
      <symbol id="sm-1bc">
         <name>__TI_ATRegion2_trg_addr</name>
         <value>0x0</value>
      </symbol>
      <symbol id="sm-1bd">
         <name>__TI_ATRegion2_region_sz</name>
         <value>0x0</value>
      </symbol>
      <symbol id="sm-1c2">
         <name>arm_cfft_sR_f32_len1024</name>
         <value>0x7230</value>
         <object_component_ref idref="oc-154"/>
      </symbol>
      <symbol id="sm-1cd">
         <name>arm_cmplx_mag_f32</name>
         <value>0x2255</value>
         <object_component_ref idref="oc-148"/>
      </symbol>
      <symbol id="sm-1dc">
         <name>arm_cfft_radix8by2_f32</name>
         <value>0x1b59</value>
         <object_component_ref idref="oc-1c6"/>
      </symbol>
      <symbol id="sm-1dd">
         <name>arm_cfft_radix8by4_f32</name>
         <value>0x9bd</value>
         <object_component_ref idref="oc-1c5"/>
      </symbol>
      <symbol id="sm-1de">
         <name>arm_cfft_f32</name>
         <value>0x208d</value>
         <object_component_ref idref="oc-142"/>
      </symbol>
      <symbol id="sm-1ea">
         <name>arm_radix8_butterfly_f32</name>
         <value>0xc1</value>
         <object_component_ref idref="oc-1c7"/>
      </symbol>
      <symbol id="sm-1ef">
         <name>twiddleCoef_1024</name>
         <value>0x4360</value>
         <object_component_ref idref="oc-1e9"/>
      </symbol>
      <symbol id="sm-1f0">
         <name>armBitRevIndexTable1024</name>
         <value>0x6360</value>
         <object_component_ref idref="oc-1eb"/>
      </symbol>
      <symbol id="sm-1fa">
         <name>arm_bitreversal_32</name>
         <value>0x288d</value>
         <object_component_ref idref="oc-1cb"/>
      </symbol>
      <symbol id="sm-205">
         <name>DL_ADC12_setClockConfig</name>
         <value>0x395d</value>
         <object_component_ref idref="oc-1a5"/>
      </symbol>
      <symbol id="sm-20e">
         <name>DL_Common_delayCycles</name>
         <value>0x42ed</value>
         <object_component_ref idref="oc-178"/>
      </symbol>
      <symbol id="sm-218">
         <name>DL_DMA_initChannel</name>
         <value>0x3759</value>
         <object_component_ref idref="oc-216"/>
      </symbol>
      <symbol id="sm-228">
         <name>DL_Timer_setClockConfig</name>
         <value>0x3ffd</value>
         <object_component_ref idref="oc-18c"/>
      </symbol>
      <symbol id="sm-229">
         <name>DL_Timer_initTimerMode</name>
         <value>0x2acd</value>
         <object_component_ref idref="oc-192"/>
      </symbol>
      <symbol id="sm-239">
         <name>DL_UART_init</name>
         <value>0x3889</value>
         <object_component_ref idref="oc-19e"/>
      </symbol>
      <symbol id="sm-23a">
         <name>DL_UART_setClockConfig</name>
         <value>0x4245</value>
         <object_component_ref idref="oc-198"/>
      </symbol>
      <symbol id="sm-23b">
         <name>DL_UART_transmitDataBlocking</name>
         <value>0x3ec1</value>
         <object_component_ref idref="oc-258"/>
      </symbol>
      <symbol id="sm-249">
         <name>DL_SYSCTL_configSYSPLL</name>
         <value>0x2c99</value>
         <object_component_ref idref="oc-183"/>
      </symbol>
      <symbol id="sm-24a">
         <name>DL_SYSCTL_switchMCLKfromSYSOSCtoHSCLK</name>
         <value>0x3919</value>
         <object_component_ref idref="oc-18a"/>
      </symbol>
      <symbol id="sm-25b">
         <name>printf</name>
         <value>0x3609</value>
         <object_component_ref idref="oc-da"/>
      </symbol>
      <symbol id="sm-271">
         <name>__TI_printfi_minimal</name>
         <value>0x1e09</value>
         <object_component_ref idref="oc-1ef"/>
      </symbol>
      <symbol id="sm-27b">
         <name>sqrtf</name>
         <value>0x2f11</value>
         <object_component_ref idref="oc-bc"/>
      </symbol>
      <symbol id="sm-289">
         <name>atan2</name>
         <value>0x23f5</value>
         <object_component_ref idref="oc-14c"/>
      </symbol>
      <symbol id="sm-28a">
         <name>atan2l</name>
         <value>0x23f5</value>
         <object_component_ref idref="oc-14c"/>
      </symbol>
      <symbol id="sm-2a1">
         <name>atan</name>
         <value>0x1861</value>
         <object_component_ref idref="oc-1df"/>
      </symbol>
      <symbol id="sm-2a2">
         <name>atanl</name>
         <value>0x1861</value>
         <object_component_ref idref="oc-1df"/>
      </symbol>
      <symbol id="sm-2af">
         <name>__aeabi_errno_addr</name>
         <value>0x4319</value>
         <object_component_ref idref="oc-13a"/>
      </symbol>
      <symbol id="sm-2b0">
         <name>__aeabi_errno</name>
         <value>0x20206a8c</value>
         <object_component_ref idref="oc-1bd"/>
      </symbol>
      <symbol id="sm-2b9">
         <name>_nop</name>
         <value>0x3287</value>
         <object_component_ref idref="oc-1f7"/>
      </symbol>
      <symbol id="sm-2ba">
         <name>_lock</name>
         <value>0x20206a90</value>
         <object_component_ref idref="oc-15d"/>
      </symbol>
      <symbol id="sm-2bb">
         <name>_unlock</name>
         <value>0x20206a94</value>
         <object_component_ref idref="oc-163"/>
      </symbol>
      <symbol id="sm-2c3">
         <name>_ftable</name>
         <value>0x20206864</value>
         <object_component_ref idref="oc-15f"/>
      </symbol>
      <symbol id="sm-2cc">
         <name>memccpy</name>
         <value>0x3e5f</value>
         <object_component_ref idref="oc-238"/>
      </symbol>
      <symbol id="sm-2d6">
         <name>strlen</name>
         <value>0x42b9</value>
         <object_component_ref idref="oc-254"/>
      </symbol>
      <symbol id="sm-2e1">
         <name>_c_int00_noargs</name>
         <value>0x3ded</value>
         <object_component_ref idref="oc-55"/>
      </symbol>
      <symbol id="sm-2e2">
         <name>__stack</name>
         <value>0x20207e00</value>
         <object_component_ref idref="oc-1a"/>
      </symbol>
      <symbol id="sm-2ee">
         <name>__TI_auto_init_nobinit_nopinit</name>
         <value>0x3ad1</value>
         <object_component_ref idref="oc-10b"/>
      </symbol>
      <symbol id="sm-2f6">
         <name>_system_pre_init</name>
         <value>0x4359</value>
         <object_component_ref idref="oc-7c"/>
      </symbol>
      <symbol id="sm-301">
         <name>__TI_zero_init</name>
         <value>0x428d</value>
         <object_component_ref idref="oc-52"/>
      </symbol>
      <symbol id="sm-30a">
         <name>__TI_decompress_none</name>
         <value>0x4269</value>
         <object_component_ref idref="oc-20"/>
      </symbol>
      <symbol id="sm-315">
         <name>__TI_decompress_lzss</name>
         <value>0x3379</value>
         <object_component_ref idref="oc-1c"/>
      </symbol>
      <symbol id="sm-322">
         <name>abort</name>
         <value>0x435d</value>
         <object_component_ref idref="oc-104"/>
      </symbol>
      <symbol id="sm-323">
         <name>C$$EXIT</name>
         <value>0x435c</value>
         <object_component_ref idref="oc-104"/>
      </symbol>
      <symbol id="sm-334">
         <name>__aeabi_fadd</name>
         <value>0x2d7f</value>
         <object_component_ref idref="oc-ac"/>
      </symbol>
      <symbol id="sm-335">
         <name>__addsf3</name>
         <value>0x2d7f</value>
         <object_component_ref idref="oc-ac"/>
      </symbol>
      <symbol id="sm-336">
         <name>__aeabi_fsub</name>
         <value>0x2d75</value>
         <object_component_ref idref="oc-ac"/>
      </symbol>
      <symbol id="sm-337">
         <name>__subsf3</name>
         <value>0x2d75</value>
         <object_component_ref idref="oc-ac"/>
      </symbol>
      <symbol id="sm-33d">
         <name>__aeabi_dadd</name>
         <value>0x2597</value>
         <object_component_ref idref="oc-1db"/>
      </symbol>
      <symbol id="sm-33e">
         <name>__adddf3</name>
         <value>0x2597</value>
         <object_component_ref idref="oc-1db"/>
      </symbol>
      <symbol id="sm-33f">
         <name>__aeabi_dsub</name>
         <value>0x258d</value>
         <object_component_ref idref="oc-1db"/>
      </symbol>
      <symbol id="sm-340">
         <name>__subdf3</name>
         <value>0x258d</value>
         <object_component_ref idref="oc-1db"/>
      </symbol>
      <symbol id="sm-349">
         <name>__aeabi_dmul</name>
         <value>0x2bb5</value>
         <object_component_ref idref="oc-61"/>
      </symbol>
      <symbol id="sm-34a">
         <name>__muldf3</name>
         <value>0x2bb5</value>
         <object_component_ref idref="oc-61"/>
      </symbol>
      <symbol id="sm-353">
         <name>__muldsi3</name>
         <value>0x3b49</value>
         <object_component_ref idref="oc-8c"/>
      </symbol>
      <symbol id="sm-359">
         <name>__aeabi_fmul</name>
         <value>0x30f5</value>
         <object_component_ref idref="oc-b4"/>
      </symbol>
      <symbol id="sm-35a">
         <name>__mulsf3</name>
         <value>0x30f5</value>
         <object_component_ref idref="oc-b4"/>
      </symbol>
      <symbol id="sm-360">
         <name>__aeabi_fdiv</name>
         <value>0x3205</value>
         <object_component_ref idref="oc-b0"/>
      </symbol>
      <symbol id="sm-361">
         <name>__divsf3</name>
         <value>0x3205</value>
         <object_component_ref idref="oc-b0"/>
      </symbol>
      <symbol id="sm-367">
         <name>__aeabi_ddiv</name>
         <value>0x29c1</value>
         <object_component_ref idref="oc-150"/>
      </symbol>
      <symbol id="sm-368">
         <name>__divdf3</name>
         <value>0x29c1</value>
         <object_component_ref idref="oc-150"/>
      </symbol>
      <symbol id="sm-36e">
         <name>__aeabi_f2d</name>
         <value>0x39dd</value>
         <object_component_ref idref="oc-ce"/>
      </symbol>
      <symbol id="sm-36f">
         <name>__extendsfdf2</name>
         <value>0x39dd</value>
         <object_component_ref idref="oc-ce"/>
      </symbol>
      <symbol id="sm-375">
         <name>__aeabi_d2iz</name>
         <value>0x383d</value>
         <object_component_ref idref="oc-65"/>
      </symbol>
      <symbol id="sm-376">
         <name>__fixdfsi</name>
         <value>0x383d</value>
         <object_component_ref idref="oc-65"/>
      </symbol>
      <symbol id="sm-37c">
         <name>__aeabi_f2iz</name>
         <value>0x3bbd</value>
         <object_component_ref idref="oc-d6"/>
      </symbol>
      <symbol id="sm-37d">
         <name>__fixsfsi</name>
         <value>0x3bbd</value>
         <object_component_ref idref="oc-d6"/>
      </symbol>
      <symbol id="sm-383">
         <name>__aeabi_i2d</name>
         <value>0x3ca9</value>
         <object_component_ref idref="oc-5d"/>
      </symbol>
      <symbol id="sm-384">
         <name>__floatsidf</name>
         <value>0x3ca9</value>
         <object_component_ref idref="oc-5d"/>
      </symbol>
      <symbol id="sm-38a">
         <name>__aeabi_i2f</name>
         <value>0x3a59</value>
         <object_component_ref idref="oc-a8"/>
      </symbol>
      <symbol id="sm-38b">
         <name>__floatsisf</name>
         <value>0x3a59</value>
         <object_component_ref idref="oc-a8"/>
      </symbol>
      <symbol id="sm-391">
         <name>__aeabi_ui2f</name>
         <value>0x3dc5</value>
         <object_component_ref idref="oc-1d1"/>
      </symbol>
      <symbol id="sm-392">
         <name>__floatunsisf</name>
         <value>0x3dc5</value>
         <object_component_ref idref="oc-1d1"/>
      </symbol>
      <symbol id="sm-399">
         <name>__aeabi_d2f</name>
         <value>0x33f1</value>
         <object_component_ref idref="oc-d2"/>
      </symbol>
      <symbol id="sm-39a">
         <name>__truncdfsf2</name>
         <value>0x33f1</value>
         <object_component_ref idref="oc-d2"/>
      </symbol>
      <symbol id="sm-3a0">
         <name>__aeabi_dcmpeq</name>
         <value>0x3541</value>
         <object_component_ref idref="oc-229"/>
      </symbol>
      <symbol id="sm-3a1">
         <name>__aeabi_dcmplt</name>
         <value>0x3555</value>
         <object_component_ref idref="oc-229"/>
      </symbol>
      <symbol id="sm-3a2">
         <name>__aeabi_dcmple</name>
         <value>0x3569</value>
         <object_component_ref idref="oc-229"/>
      </symbol>
      <symbol id="sm-3a3">
         <name>__aeabi_dcmpge</name>
         <value>0x357d</value>
         <object_component_ref idref="oc-229"/>
      </symbol>
      <symbol id="sm-3a4">
         <name>__aeabi_dcmpgt</name>
         <value>0x3591</value>
         <object_component_ref idref="oc-229"/>
      </symbol>
      <symbol id="sm-3aa">
         <name>__aeabi_fcmpeq</name>
         <value>0x35a5</value>
         <object_component_ref idref="oc-b8"/>
      </symbol>
      <symbol id="sm-3ab">
         <name>__aeabi_fcmplt</name>
         <value>0x35b9</value>
         <object_component_ref idref="oc-b8"/>
      </symbol>
      <symbol id="sm-3ac">
         <name>__aeabi_fcmple</name>
         <value>0x35cd</value>
         <object_component_ref idref="oc-b8"/>
      </symbol>
      <symbol id="sm-3ad">
         <name>__aeabi_fcmpge</name>
         <value>0x35e1</value>
         <object_component_ref idref="oc-b8"/>
      </symbol>
      <symbol id="sm-3ae">
         <name>__aeabi_fcmpgt</name>
         <value>0x35f5</value>
         <object_component_ref idref="oc-b8"/>
      </symbol>
      <symbol id="sm-3b4">
         <name>__aeabi_memcpy</name>
         <value>0x4321</value>
         <object_component_ref idref="oc-45"/>
      </symbol>
      <symbol id="sm-3b5">
         <name>__aeabi_memcpy4</name>
         <value>0x4321</value>
         <object_component_ref idref="oc-45"/>
      </symbol>
      <symbol id="sm-3b6">
         <name>__aeabi_memcpy8</name>
         <value>0x4321</value>
         <object_component_ref idref="oc-45"/>
      </symbol>
      <symbol id="sm-3bf">
         <name>__aeabi_memset</name>
         <value>0x429d</value>
         <object_component_ref idref="oc-237"/>
      </symbol>
      <symbol id="sm-3c0">
         <name>__aeabi_memset4</name>
         <value>0x429d</value>
         <object_component_ref idref="oc-237"/>
      </symbol>
      <symbol id="sm-3c1">
         <name>__aeabi_memset8</name>
         <value>0x429d</value>
         <object_component_ref idref="oc-237"/>
      </symbol>
      <symbol id="sm-3c2">
         <name>__aeabi_memclr</name>
         <value>0x42e1</value>
         <object_component_ref idref="oc-77"/>
      </symbol>
      <symbol id="sm-3c3">
         <name>__aeabi_memclr4</name>
         <value>0x42e1</value>
         <object_component_ref idref="oc-77"/>
      </symbol>
      <symbol id="sm-3c4">
         <name>__aeabi_memclr8</name>
         <value>0x42e1</value>
         <object_component_ref idref="oc-77"/>
      </symbol>
      <symbol id="sm-3ca">
         <name>__aeabi_uidiv</name>
         <value>0x399d</value>
         <object_component_ref idref="oc-1c1"/>
      </symbol>
      <symbol id="sm-3cb">
         <name>__aeabi_uidivmod</name>
         <value>0x399d</value>
         <object_component_ref idref="oc-1c1"/>
      </symbol>
      <symbol id="sm-3d4">
         <name>__eqsf2</name>
         <value>0x3b0d</value>
         <object_component_ref idref="oc-133"/>
      </symbol>
      <symbol id="sm-3d5">
         <name>__lesf2</name>
         <value>0x3b0d</value>
         <object_component_ref idref="oc-133"/>
      </symbol>
      <symbol id="sm-3d6">
         <name>__ltsf2</name>
         <value>0x3b0d</value>
         <object_component_ref idref="oc-133"/>
      </symbol>
      <symbol id="sm-3d7">
         <name>__nesf2</name>
         <value>0x3b0d</value>
         <object_component_ref idref="oc-133"/>
      </symbol>
      <symbol id="sm-3d8">
         <name>__cmpsf2</name>
         <value>0x3b0d</value>
         <object_component_ref idref="oc-133"/>
      </symbol>
      <symbol id="sm-3d9">
         <name>__gtsf2</name>
         <value>0x3a95</value>
         <object_component_ref idref="oc-138"/>
      </symbol>
      <symbol id="sm-3da">
         <name>__gesf2</name>
         <value>0x3a95</value>
         <object_component_ref idref="oc-138"/>
      </symbol>
      <symbol id="sm-3e8">
         <name>__ledf2</name>
         <value>0x34d5</value>
         <object_component_ref idref="oc-261"/>
      </symbol>
      <symbol id="sm-3e9">
         <name>__gedf2</name>
         <value>0x3465</value>
         <object_component_ref idref="oc-267"/>
      </symbol>
      <symbol id="sm-3ea">
         <name>__cmpdf2</name>
         <value>0x34d5</value>
         <object_component_ref idref="oc-261"/>
      </symbol>
      <symbol id="sm-3eb">
         <name>__eqdf2</name>
         <value>0x34d5</value>
         <object_component_ref idref="oc-261"/>
      </symbol>
      <symbol id="sm-3ec">
         <name>__ltdf2</name>
         <value>0x34d5</value>
         <object_component_ref idref="oc-261"/>
      </symbol>
      <symbol id="sm-3ed">
         <name>__nedf2</name>
         <value>0x34d5</value>
         <object_component_ref idref="oc-261"/>
      </symbol>
      <symbol id="sm-3ee">
         <name>__gtdf2</name>
         <value>0x3465</value>
         <object_component_ref idref="oc-267"/>
      </symbol>
      <symbol id="sm-3f8">
         <name>__aeabi_idiv0</name>
         <value>0x271f</value>
         <object_component_ref idref="oc-21c"/>
      </symbol>
      <symbol id="sm-401">
         <name>TI_memcpy_small</name>
         <value>0x4257</value>
         <object_component_ref idref="oc-92"/>
      </symbol>
      <symbol id="sm-40a">
         <name>TI_memset_small</name>
         <value>0x42c7</value>
         <object_component_ref idref="oc-11f"/>
      </symbol>
      <symbol id="sm-40b">
         <name>__TI_static_base__</name>
         <value>0x0</value>
      </symbol>
      <symbol id="sm-40f">
         <name>__mpu_init</name>
         <value>0x0</value>
      </symbol>
      <symbol id="sm-410">
         <name>_system_post_cinit</name>
         <value>0x0</value>
      </symbol>
   </symbol_table>
   <title>Link successful</title>
</link_info>
